<html>
<body>
<pre>
<h1>µVision Build Log</h1>
<h2>Tool Versions:</h2>
IDE-Version: ¦ÌVision V5.39.0.0
Copyright (C) 2023 ARM Ltd and ARM Germany GmbH. All rights reserved.
License Information: zhu yixiong, /, LIC=RC93N-YXUDH-IIN5V-P8KMY-FR877-26XRX
 
Tool Versions:
Toolchain:       MDK-ARM Plus  Version: 5.39.0.0
Toolchain Path:  D:\Keil_v5\ARM\ARMCLANG\Bin
C Compiler:      ArmClang.exe V6.21
Assembler:       Armasm.exe V6.21
Linker/Locator:  ArmLink.exe V6.21
Library Manager: ArmAr.exe V6.21
Hex Converter:   FromElf.exe V6.21
CPU DLL:         SARMCM3.DLL V5.39.0.0
Dialog DLL:      DARMCM1.DLL V1.19.6.0
Target DLL:      STLink\ST-LINKIII-KEIL_SWO.dll V3.2.0.0
Dialog DLL:      TARMCM1.DLL V1.14.6.0
 
<h2>Project:</h2>
E:\WeActStudio\Products\2024\WeAct-STM32G0B1_CoreBoard\Software\01-RTC\MDK-ARM\01-RTC.uvprojx
Project File Date:  03/18/2024

<h2>Output:</h2>
*** Using Compiler 'V6.21', folder: 'D:\Keil_v5\ARM\ARMCLANG\Bin'
Rebuild target '01-RTC'
assembling startup_stm32g0b1xx.s...
compiling stm32g0xx_hal_gpio.c...
compiling main.c...
compiling stm32g0xx_hal_dma_ex.c...
compiling gpio.c...
compiling usb_device.c...
compiling stm32g0xx_ll_rcc.c...
compiling usbd_cdc_if.c...
compiling stm32g0xx_ll_dma.c...
compiling dma.c...
compiling stm32g0xx_hal_msp.c...
compiling stm32g0xx_hal_flash.c...
compiling stm32g0xx_hal_dma.c...
compiling adc.c...
compiling stm32g0xx_it.c...
compiling rtc.c...
compiling stm32g0xx_hal_pwr.c...
compiling usbd_conf.c...
compiling stm32g0xx_hal_flash_ex.c...
compiling usbd_desc.c...
compiling stm32g0xx_hal_rcc.c...
compiling stm32g0xx_hal_pcd_ex.c...
compiling stm32g0xx_hal_pwr_ex.c...
compiling stm32g0xx_hal_cortex.c...
compiling stm32g0xx_hal_rcc_ex.c...
compiling stm32g0xx_ll_adc.c...
compiling stm32g0xx_hal.c...
compiling stm32g0xx_hal_exti.c...
compiling stm32g0xx_hal_pcd.c...
compiling stm32g0xx_hal_adc_ex.c...
compiling stm32g0xx_hal_tim.c...
compiling stm32g0xx_ll_usb.c...
compiling stm32g0xx_hal_tim_ex.c...
compiling system_stm32g0xx.c...
compiling stm32g0xx_hal_rtc_ex.c...
compiling usbd_ioreq.c...
compiling usbd_core.c...
compiling stm32g0xx_hal_rtc.c...
compiling board.c...
compiling stm32g0xx_hal_adc.c...
compiling usbd_ctlreq.c...
compiling usbd_cdc.c...
linking...
Program Size: Code=27964 RO-data=304 RW-data=252 ZI-data=9052  
FromELF: creating hex file...
"01-RTC\01-RTC.axf" - 0 Error(s), 0 Warning(s).

<h2>Software Packages used:</h2>

Package Vendor: ARM
                https://www.keil.com/pack/ARM.CMSIS.6.0.0.pack
                ARM::CMSIS@6.0.0
                CMSIS (Common Microcontroller Software Interface Standard)
   * Component: CORE Version: 6.0.0

Package Vendor: Keil
                http://www.keil.com/pack/Keil.STM32G0xx_DFP.1.4.0.pack
                Keil::STM32G0xx_DFP@1.4.0
                STMicroelectronics STM32G0 Series Device Support

<h2>Collection of Component include folders:</h2>
  ./RTE/_01-RTC
  D:/Arm/Packs/ARM/CMSIS/6.0.0/CMSIS/Core/Include
  D:/Arm/Packs/Keil/STM32G0xx_DFP/1.4.0/Drivers/CMSIS/Device/ST/STM32G0xx/Include

<h2>Collection of Component Files used:</h2>

   * Component: ARM::CMSIS:CORE@6.0.0
      Include file:  CMSIS/Core/Include/tz_context.h
Build Time Elapsed:  00:00:02
</pre>
</body>
</html>
