Component: Arm Compiler for Embedded 6.21 Tool: armlink [5ec1fa00]

==============================================================================

Section Cross References

    startup_stm32g0b1xx.o(STACK) refers (Special) to heapauxi.o(.text) for __use_two_region_memory
    startup_stm32g0b1xx.o(HEAP) refers (Special) to heapauxi.o(.text) for __use_two_region_memory
    startup_stm32g0b1xx.o(RESET) refers (Special) to heapauxi.o(.text) for __use_two_region_memory
    startup_stm32g0b1xx.o(RESET) refers to startup_stm32g0b1xx.o(STACK) for __initial_sp
    startup_stm32g0b1xx.o(RESET) refers to startup_stm32g0b1xx.o(.text) for Reset_Handler
    startup_stm32g0b1xx.o(RESET) refers to stm32g0xx_it.o(.text.NMI_Handler) for NMI_Handler
    startup_stm32g0b1xx.o(RESET) refers to stm32g0xx_it.o(.text.HardFault_Handler) for HardFault_Handler
    startup_stm32g0b1xx.o(RESET) refers to stm32g0xx_it.o(.text.SVC_Handler) for SVC_Handler
    startup_stm32g0b1xx.o(RESET) refers to stm32g0xx_it.o(.text.PendSV_Handler) for PendSV_Handler
    startup_stm32g0b1xx.o(RESET) refers to stm32g0xx_it.o(.text.SysTick_Handler) for SysTick_Handler
    startup_stm32g0b1xx.o(RESET) refers to stm32g0xx_it.o(.text.USB_UCPD1_2_IRQHandler) for USB_UCPD1_2_IRQHandler
    startup_stm32g0b1xx.o(RESET) refers to stm32g0xx_it.o(.text.DMA1_Channel1_IRQHandler) for DMA1_Channel1_IRQHandler
    startup_stm32g0b1xx.o(.text) refers (Special) to heapauxi.o(.text) for __use_two_region_memory
    startup_stm32g0b1xx.o(.text) refers to system_stm32g0xx.o(.text.SystemInit) for SystemInit
    startup_stm32g0b1xx.o(.text) refers to __main.o(!!!main) for __main
    startup_stm32g0b1xx.o(.text) refers to startup_stm32g0b1xx.o(HEAP) for Heap_Mem
    startup_stm32g0b1xx.o(.text) refers to startup_stm32g0b1xx.o(STACK) for Stack_Mem
    main.o(.text) refers (Special) to _printf_percent.o(.ARM.Collect$$_printf_percent$$00000000) for _printf_percent
    main.o(.text) refers (Special) to _printf_pad.o(.text) for _printf_pre_padding
    main.o(.text) refers (Special) to _printf_d.o(.ARM.Collect$$_printf_percent$$00000009) for _printf_d
    main.o(.text) refers (Special) to _printf_dec.o(.text) for _printf_int_dec
    main.o(.text.Flash_OB_Handle) refers (Special) to _printf_percent.o(.ARM.Collect$$_printf_percent$$00000000) for _printf_percent
    main.o(.text.Flash_OB_Handle) refers (Special) to _printf_pad.o(.text) for _printf_pre_padding
    main.o(.text.Flash_OB_Handle) refers (Special) to _printf_d.o(.ARM.Collect$$_printf_percent$$00000009) for _printf_d
    main.o(.text.Flash_OB_Handle) refers (Special) to _printf_dec.o(.text) for _printf_int_dec
    main.o(.text.Flash_OB_Handle) refers to stm32g0xx_hal_flash_ex.o(.text.HAL_FLASHEx_OBGetConfig) for HAL_FLASHEx_OBGetConfig
    main.o(.text.Flash_OB_Handle) refers to stm32g0xx_hal_flash.o(.text.HAL_FLASH_Unlock) for HAL_FLASH_Unlock
    main.o(.text.Flash_OB_Handle) refers to stm32g0xx_hal_flash.o(.text.HAL_FLASH_OB_Unlock) for HAL_FLASH_OB_Unlock
    main.o(.text.Flash_OB_Handle) refers to stm32g0xx_hal_flash_ex.o(.text.HAL_FLASHEx_OBProgram) for HAL_FLASHEx_OBProgram
    main.o(.text.Flash_OB_Handle) refers to stm32g0xx_hal_flash.o(.text.HAL_FLASH_OB_Launch) for HAL_FLASH_OB_Launch
    main.o(.text.Flash_OB_Handle) refers to stm32g0xx_hal_flash.o(.text.HAL_FLASH_OB_Lock) for HAL_FLASH_OB_Lock
    main.o(.text.Flash_OB_Handle) refers to stm32g0xx_hal_flash.o(.text.HAL_FLASH_Lock) for HAL_FLASH_Lock
    main.o(.ARM.exidx.text.Flash_OB_Handle) refers (Special) to _printf_percent.o(.ARM.Collect$$_printf_percent$$00000000) for _printf_percent
    main.o(.ARM.exidx.text.Flash_OB_Handle) refers (Special) to _printf_pad.o(.text) for _printf_pre_padding
    main.o(.ARM.exidx.text.Flash_OB_Handle) refers (Special) to _printf_d.o(.ARM.Collect$$_printf_percent$$00000009) for _printf_d
    main.o(.ARM.exidx.text.Flash_OB_Handle) refers (Special) to _printf_dec.o(.text) for _printf_int_dec
    main.o(.ARM.exidx.text.Flash_OB_Handle) refers to main.o(.text.Flash_OB_Handle) for [Anonymous Symbol]
    main.o(.text.main) refers (Special) to _printf_percent.o(.ARM.Collect$$_printf_percent$$00000000) for _printf_percent
    main.o(.text.main) refers (Special) to _printf_pad.o(.text) for _printf_pre_padding
    main.o(.text.main) refers (Special) to _printf_d.o(.ARM.Collect$$_printf_percent$$00000009) for _printf_d
    main.o(.text.main) refers (Special) to _printf_dec.o(.text) for _printf_int_dec
    main.o(.text.main) refers to stm32g0xx_hal.o(.text.HAL_Init) for HAL_Init
    main.o(.text.main) refers to stm32g0xx_hal_pwr_ex.o(.text.HAL_PWREx_ControlVoltageScaling) for HAL_PWREx_ControlVoltageScaling
    main.o(.text.main) refers to stm32g0xx_hal_pwr.o(.text.HAL_PWR_EnableBkUpAccess) for HAL_PWR_EnableBkUpAccess
    main.o(.text.main) refers to stm32g0xx_hal_rcc.o(.text.HAL_RCC_OscConfig) for HAL_RCC_OscConfig
    main.o(.text.main) refers to stm32g0xx_hal_rcc.o(.text.HAL_RCC_ClockConfig) for HAL_RCC_ClockConfig
[...]
    [Anonymous Symbol]                       0x08004650   Section        0  usbd_cdc.o(.text.USBD_CDC_GetHSCfgDesc)
    USBD_CDC_GetOtherSpeedCfgDesc            0x080046a1   Thumb Code    80  usbd_cdc.o(.text.USBD_CDC_GetOtherSpeedCfgDesc)
    [Anonymous Symbol]                       0x080046a0   Section        0  usbd_cdc.o(.text.USBD_CDC_GetOtherSpeedCfgDesc)
    __arm_cp.8_0                             0x080046f0   Number         4  usbd_cdc.o(.text.USBD_CDC_GetOtherSpeedCfgDesc)
    USBD_CDC_Init                            0x080046f5   Thumb Code   232  usbd_cdc.o(.text.USBD_CDC_Init)
    [Anonymous Symbol]                       0x080046f4   Section        0  usbd_cdc.o(.text.USBD_CDC_Init)
    [Anonymous Symbol]                       0x080047dc   Section        0  usbd_desc.o(.text.USBD_CDC_InterfaceStrDescriptor)
    [Anonymous Symbol]                       0x08004800   Section        0  usbd_desc.o(.text.USBD_CDC_LangIDStrDescriptor)
    __arm_cp.1_0                             0x08004808   Number         4  usbd_desc.o(.text.USBD_CDC_LangIDStrDescriptor)
    [Anonymous Symbol]                       0x0800480c   Section        0  usbd_desc.o(.text.USBD_CDC_ManufacturerStrDescriptor)
    __arm_cp.2_1                             0x08004834   Number         4  usbd_desc.o(.text.USBD_CDC_ManufacturerStrDescriptor)
    [Anonymous Symbol]                       0x08004838   Section        0  usbd_desc.o(.text.USBD_CDC_ProductStrDescriptor)
    __arm_cp.3_1                             0x08004864   Number         4  usbd_desc.o(.text.USBD_CDC_ProductStrDescriptor)
    [Anonymous Symbol]                       0x08004868   Section        0  usbd_cdc.o(.text.USBD_CDC_ReceivePacket)
    [Anonymous Symbol]                       0x0800489e   Section        0  usbd_cdc.o(.text.USBD_CDC_RegisterInterface)
    [Anonymous Symbol]                       0x080048bc   Section        0  usbd_desc.o(.text.USBD_CDC_SerialStrDescriptor)
    __arm_cp.4_0                             0x080049c4   Number         4  usbd_desc.o(.text.USBD_CDC_SerialStrDescriptor)
    __arm_cp.4_1                             0x080049c8   Number         4  usbd_desc.o(.text.USBD_CDC_SerialStrDescriptor)
    [Anonymous Symbol]                       0x080049cc   Section        0  usbd_cdc.o(.text.USBD_CDC_SetRxBuffer)
    [Anonymous Symbol]                       0x080049ee   Section        0  usbd_cdc.o(.text.USBD_CDC_SetTxBuffer)
    USBD_CDC_Setup                           0x08004a15   Thumb Code   254  usbd_cdc.o(.text.USBD_CDC_Setup)
    [Anonymous Symbol]                       0x08004a14   Section        0  usbd_cdc.o(.text.USBD_CDC_Setup)
    [Anonymous Symbol]                       0x08004b12   Section        0  usbd_cdc.o(.text.USBD_CDC_TransmitPacket)
    [Anonymous Symbol]                       0x08004b50   Section        0  usbd_core.o(.text.USBD_ClrClassConfig)
    [Anonymous Symbol]                       0x08004b64   Section        0  usbd_core.o(.text.USBD_CoreFindEP)
    [Anonymous Symbol]                       0x08004b68   Section        0  usbd_core.o(.text.USBD_CoreFindIF)
    [Anonymous Symbol]                       0x08004b6c   Section        0  usbd_ioreq.o(.text.USBD_CtlContinueRx)
    [Anonymous Symbol]                       0x08004b7e   Section        0  usbd_ioreq.o(.text.USBD_CtlContinueSendData)
    [Anonymous Symbol]                       0x08004b90   Section        0  usbd_ctlreq.o(.text.USBD_CtlError)
    [Anonymous Symbol]                       0x08004ba4   Section        0  usbd_ioreq.o(.text.USBD_CtlPrepareRx)
    [Anonymous Symbol]                       0x08004bc8   Section        0  usbd_ioreq.o(.text.USBD_CtlReceiveStatus)
    [Anonymous Symbol]                       0x08004be2   Section        0  usbd_ioreq.o(.text.USBD_CtlSendData)
    [Anonymous Symbol]                       0x08004c00   Section        0  usbd_ioreq.o(.text.USBD_CtlSendStatus)
    [Anonymous Symbol]                       0x08004c1a   Section        0  usbd_core.o(.text.USBD_GetEpDesc)
    [Anonymous Symbol]                       0x08004c94   Section        0  usbd_ctlreq.o(.text.USBD_GetString)
    [Anonymous Symbol]                       0x08004d42   Section        0  usbd_core.o(.text.USBD_Init)
    [Anonymous Symbol]                       0x08004d6c   Section        0  usbd_conf.o(.text.USBD_LL_ClearStallEP)
    [Anonymous Symbol]                       0x08004d8c   Section        0  usbd_conf.o(.text.USBD_LL_CloseEP)
    [Anonymous Symbol]                       0x08004dac   Section        0  usbd_core.o(.text.USBD_LL_DataInStage)
    [Anonymous Symbol]                       0x08004e5c   Section        0  usbd_core.o(.text.USBD_LL_DataOutStage)
    [Anonymous Symbol]                       0x08004ed2   Section        0  usbd_conf.o(.text.USBD_LL_GetRxDataSize)
    [Anonymous Symbol]                       0x08004ee0   Section        0  usbd_conf.o(.text.USBD_LL_Init)
    __arm_cp.13_0                            0x08004f60   Number         4  usbd_conf.o(.text.USBD_LL_Init)
    __arm_cp.13_1                            0x08004f64   Number         4  usbd_conf.o(.text.USBD_LL_Init)
    __arm_cp.13_2                            0x08004f68   Number         4  usbd_conf.o(.text.USBD_LL_Init)
    [Anonymous Symbol]                       0x08004f6c   Section        0  usbd_conf.o(.text.USBD_LL_IsStallEP)
    [Anonymous Symbol]                       0x08004f94   Section        0  usbd_conf.o(.text.USBD_LL_OpenEP)
    [Anonymous Symbol]                       0x08004fbc   Section        0  usbd_conf.o(.text.USBD_LL_PrepareReceive)
    [Anonymous Symbol]                       0x08004fdc   Section        0  usbd_core.o(.text.USBD_LL_Reset)
    [Anonymous Symbol]                       0x0800504c   Section        0  usbd_core.o(.text.USBD_LL_Resume)
    [Anonymous Symbol]                       0x08005060   Section        0  usbd_core.o(.text.USBD_LL_SOF)
    [Anonymous Symbol]                       0x08005080   Section        0  usbd_core.o(.text.USBD_LL_SetSpeed)
    [Anonymous Symbol]                       0x08005088   Section        0  usbd_conf.o(.text.USBD_LL_SetUSBAddress)
    [Anonymous Symbol]                       0x080050a8   Section        0  usbd_core.o(.text.USBD_LL_SetupStage)
    __arm_cp.8_0                             0x08005100   Number         4  usbd_core.o(.text.USBD_LL_SetupStage)
    [Anonymous Symbol]                       0x08005104   Section        0  usbd_conf.o(.text.USBD_LL_StallEP)
    [Anonymous Symbol]                       0x08005124   Section        0  usbd_conf.o(.text.USBD_LL_Start)
    __arm_cp.15_0                            0x08005144   Number         4  usbd_conf.o(.text.USBD_LL_Start)
    [Anonymous Symbol]                       0x08005148   Section        0  usbd_core.o(.text.USBD_LL_Suspend)
    [Anonymous Symbol]                       0x0800515c   Section        0  usbd_conf.o(.text.USBD_LL_Transmit)
    __arm_cp.24_0                            0x0800517c   Number         4  usbd_conf.o(.text.USBD_LL_Transmit)
    [Anonymous Symbol]                       0x08005180   Section        0  usbd_ctlreq.o(.text.USBD_ParseSetupRequest)
    [Anonymous Symbol]                       0x080051a8   Section        0  usbd_core.o(.text.USBD_RegisterClass)
    [Anonymous Symbol]                       0x080051e6   Section        0  usbd_core.o(.text.USBD_SetClassConfig)
    [Anonymous Symbol]                       0x080051fc   Section        0  usbd_core.o(.text.USBD_Start)
    [Anonymous Symbol]                       0x08005204   Section        0  usbd_ctlreq.o(.text.USBD_StdDevReq)
    __arm_cp.0_0                             0x08005528   Number         4  usbd_ctlreq.o(.text.USBD_StdDevReq)
    [Anonymous Symbol]                       0x0800552c   Section        0  usbd_ctlreq.o(.text.USBD_StdEPReq)
    [Anonymous Symbol]                       0x0800569e   Section        0  usbd_ctlreq.o(.text.USBD_StdItfReq)
    [Anonymous Symbol]                       0x08005720   Section        0  usbd_conf.o(.text.USBD_static_free)
    [Anonymous Symbol]                       0x08005724   Section        0  usbd_conf.o(.text.USBD_static_malloc)
    __arm_cp.28_0                            0x08005728   Number         4  usbd_conf.o(.text.USBD_static_malloc)
    [Anonymous Symbol]                       0x0800572c   Section        0  stm32g0xx_ll_usb.o(.text.USB_ActivateEndpoint)
    __arm_cp.7_0                             0x0800594c   Number         4  stm32g0xx_ll_usb.o(.text.USB_ActivateEndpoint)
    __arm_cp.7_1                             0x08005950   Number         4  stm32g0xx_ll_usb.o(.text.USB_ActivateEndpoint)
    __arm_cp.7_3                             0x08005954   Number         4  stm32g0xx_ll_usb.o(.text.USB_ActivateEndpoint)
    __arm_cp.7_4                             0x08005958   Number         4  stm32g0xx_ll_usb.o(.text.USB_ActivateEndpoint)
    __arm_cp.7_5                             0x0800595c   Number         4  stm32g0xx_ll_usb.o(.text.USB_ActivateEndpoint)
    __arm_cp.7_6                             0x08005960   Number         4  stm32g0xx_ll_usb.o(.text.USB_ActivateEndpoint)
    __arm_cp.7_10                            0x08005964   Number         4  stm32g0xx_ll_usb.o(.text.USB_ActivateEndpoint)
    [Anonymous Symbol]                       0x08005968   Section        0  stm32g0xx_ll_usb.o(.text.USB_DeactivateEndpoint)
    __arm_cp.8_0                             0x08005a08   Number         4  stm32g0xx_ll_usb.o(.text.USB_DeactivateEndpoint)
    [Anonymous Symbol]                       0x08005a0c   Section        0  stm32g0xx_ll_usb.o(.text.USB_DevConnect)
    [Anonymous Symbol]                       0x08005a1a   Section        0  stm32g0xx_ll_usb.o(.text.USB_DevInit)
    [Anonymous Symbol]                       0x08005a34   Section        0  stm32g0xx_ll_usb.o(.text.USB_DisableGlobalInt)
    __arm_cp.2_0                             0x08005a40   Number         4  stm32g0xx_ll_usb.o(.text.USB_DisableGlobalInt)
    [Anonymous Symbol]                       0x08005a44   Section        0  stm32g0xx_ll_usb.o(.text.USB_EPClearStall)
    __arm_cp.12_0                            0x08005a9c   Number         4  stm32g0xx_ll_usb.o(.text.USB_EPClearStall)
    __arm_cp.12_1                            0x08005aa0   Number         4  stm32g0xx_ll_usb.o(.text.USB_EPClearStall)
    __arm_cp.12_2                            0x08005aa4   Number         4  stm32g0xx_ll_usb.o(.text.USB_EPClearStall)
    __arm_cp.12_4                            0x08005aa8   Number         4  stm32g0xx_ll_usb.o(.text.USB_EPClearStall)
    [Anonymous Symbol]                       0x08005aac   Section        0  stm32g0xx_ll_usb.o(.text.USB_EPSetStall)
    __arm_cp.11_0                            0x08005ad8   Number         4  stm32g0xx_ll_usb.o(.text.USB_EPSetStall)
    __arm_cp.11_1                            0x08005adc   Number         4  stm32g0xx_ll_usb.o(.text.USB_EPSetStall)
    __arm_cp.11_2                            0x08005ae0   Number         4  stm32g0xx_ll_usb.o(.text.USB_EPSetStall)
    __arm_cp.11_3                            0x08005ae4   Number         4  stm32g0xx_ll_usb.o(.text.USB_EPSetStall)
    [Anonymous Symbol]                       0x08005ae8   Section        0  stm32g0xx_ll_usb.o(.text.USB_EPStartXfer)
    __arm_cp.9_20                            0x08005f14   Number         4  stm32g0xx_ll_usb.o(.text.USB_EPStartXfer)
    __arm_cp.9_10                            0x08005f20   Number         4  stm32g0xx_ll_usb.o(.text.USB_EPStartXfer)
    __arm_cp.9_12                            0x08005f28   Number         4  stm32g0xx_ll_usb.o(.text.USB_EPStartXfer)
    __arm_cp.9_17                            0x08006318   Number         4  stm32g0xx_ll_usb.o(.text.USB_EPStartXfer)
    __arm_cp.9_18                            0x0800631c   Number         4  stm32g0xx_ll_usb.o(.text.USB_EPStartXfer)
    __arm_cp.9_19                            0x08006320   Number         4  stm32g0xx_ll_usb.o(.text.USB_EPStartXfer)
    __arm_cp.9_0                             0x08006728   Number         4  stm32g0xx_ll_usb.o(.text.USB_EPStartXfer)
    __arm_cp.9_3                             0x0800672c   Number         4  stm32g0xx_ll_usb.o(.text.USB_EPStartXfer)
    __arm_cp.9_4                             0x08006730   Number         4  stm32g0xx_ll_usb.o(.text.USB_EPStartXfer)
    [Anonymous Symbol]                       0x08006734   Section        0  stm32g0xx_ll_usb.o(.text.USB_EnableGlobalInt)
    __arm_cp.1_0                             0x08006740   Number         4  stm32g0xx_ll_usb.o(.text.USB_EnableGlobalInt)
    [Anonymous Symbol]                       0x08006744   Section        0  stm32g0xx_ll_usb.o(.text.USB_ReadInterrupts)
    [Anonymous Symbol]                       0x08006748   Section        0  stm32g0xx_ll_usb.o(.text.USB_ReadPMA)
    __arm_cp.21_0                            0x08006850   Number         4  stm32g0xx_ll_usb.o(.text.USB_ReadPMA)
    [Anonymous Symbol]                       0x08006854   Section        0  stm32g0xx_ll_usb.o(.text.USB_SetDevAddress)
    [Anonymous Symbol]                       0x08006864   Section        0  stm32g0xx_it.o(.text.USB_UCPD1_2_IRQHandler)
    __arm_cp.5_0                             0x08006870   Number         4  stm32g0xx_it.o(.text.USB_UCPD1_2_IRQHandler)
    [Anonymous Symbol]                       0x08006874   Section        0  stm32g0xx_ll_usb.o(.text.USB_WritePMA)
    __arm_cp.10_0                            0x0800698c   Number         4  stm32g0xx_ll_usb.o(.text.USB_WritePMA)
    [Anonymous Symbol]                       0x08006990   Section        0  board.o(.text.board_button_getstate)
    [Anonymous Symbol]                       0x080069a4   Section        0  board.o(.text.board_button_init)
    [Anonymous Symbol]                       0x080069d8   Section        0  board.o(.text.board_led_init)
    __arm_cp.2_0                             0x08006a18   Number         4  board.o(.text.board_led_init)
    [Anonymous Symbol]                       0x08006a1c   Section        0  board.o(.text.board_led_set)
    [Anonymous Symbol]                       0x08006a30   Section        0  board.o(.text.board_led_toggle)
    __arm_cp.3_0                             0x08006a3c   Number         4  board.o(.text.board_led_toggle)
    [Anonymous Symbol]                       0x08006a40   Section        0  main.o(.text.main)
    __arm_cp.1_0                             0x08006bbc   Number         4  main.o(.text.main)
    __arm_cp.1_1                             0x08006bc0   Number         4  main.o(.text.main)
    __arm_cp.1_2                             0x08006bc4   Number         4  main.o(.text.main)
    __arm_cp.1_3                             0x08006bc8   Number         4  main.o(.text.main)
    .text_divfast                            0x08006bf4   Section      502  aeabi_sdivfast.o(.text_divfast)
    i._is_digit                              0x08006dea   Section        0  __printf_wp.o(i._is_digit)
    maptable                                 0x08006df8   Data          17  __printf_flags_wp.o(.constdata)
    .constdata                               0x08006df8   Section       17  __printf_flags_wp.o(.constdata)
    [Anonymous Symbol]                       0x20000000   Section        0  stm32g0xx_hal.o(.data..L_MergedGlobals)
    USBD_CDC_CfgDesc                         0x20000064   Data          67  usbd_cdc.o(.data.USBD_CDC_CfgDesc)
    [Anonymous Symbol]                       0x20000064   Section        0  usbd_cdc.o(.data.USBD_CDC_CfgDesc)
    USBD_CDC_DeviceQualifierDesc             0x200000bc   Data          10  usbd_cdc.o(.data.USBD_CDC_DeviceQualifierDesc)
    [Anonymous Symbol]                       0x200000bc   Section        0  usbd_cdc.o(.data.USBD_CDC_DeviceQualifierDesc)
    .bss                                     0x20000100   Section       96  libspace.o(.bss)
    main.Seconds_o                           0x20000160   Data           1  main.o(.bss..L_MergedGlobals)
    [Anonymous Symbol]                       0x20000160   Section        0  main.o(.bss..L_MergedGlobals)
    USBD_SetConfig.cfgidx                    0x20000164   Data           1  usbd_ctlreq.o(.bss.USBD_SetConfig.cfgidx)
    [Anonymous Symbol]                       0x20000164   Section        0  usbd_ctlreq.o(.bss.USBD_SetConfig.cfgidx)
    USBD_static_malloc.mem                   0x20000368   Data         544  usbd_conf.o(.bss.USBD_static_malloc.mem)
    [Anonymous Symbol]                       0x20000368   Section        0  usbd_conf.o(.bss.USBD_static_malloc.mem)
    Heap_Mem                                 0x20001c58   Data        1024  startup_stm32g0b1xx.o(HEAP)
    HEAP                                     0x20001c58   Section     1024  startup_stm32g0b1xx.o(HEAP)
    Stack_Mem                                0x20002058   Data        1024  startup_stm32g0b1xx.o(STACK)
    STACK                                    0x20002058   Section     1024  startup_stm32g0b1xx.o(STACK)
    __initial_sp                             0x20002458   Data           0  startup_stm32g0b1xx.o(STACK)

    Global Symbols

    Symbol Name                              Value     Ov Type        Size  Object(Section)

    BuildAttributes$$THM_ISAv3M$S$PE$A:L22$X:L11$S22$IEEE1$IW$~IW$USESV6$~STKCKD$USESV7$~SHL$OTIME$ROPI$EBA8$UX$STANDARDLIB$REQ8$PRES8$EABIv2 0x00000000   Number         0  anon$$obj.o ABSOLUTE
    _printf_flags                            0x00000000   Number         0  printf_stubs.o ABSOLUTE
    _printf_return_value                     0x00000000   Number         0  printf_stubs.o ABSOLUTE
    _printf_sizespec                         0x00000000   Number         0  printf_stubs.o ABSOLUTE
    _printf_widthprec                        0x00000000   Number         0  printf_stubs.o ABSOLUTE
    __ARM_exceptions_init                     - Undefined Weak Reference
    __alloca_initialize                       - Undefined Weak Reference
    __arm_preinit_                            - Undefined Weak Reference
    __arm_relocate_pie_                       - Undefined Weak Reference
    __cpp_initialize__aeabi_                  - Undefined Weak Reference
    __cxa_finalize                            - Undefined Weak Reference
    __rt_locale                               - Undefined Weak Reference
    __sigvec_lookup                           - Undefined Weak Reference
    _atexit_init                              - Undefined Weak Reference
    _call_atexit_fns                          - Undefined Weak Reference
    _clock_init                               - Undefined Weak Reference
    _fp_trap_init                             - Undefined Weak Reference
    _fp_trap_shutdown                         - Undefined Weak Reference
    _get_lc_collate                           - Undefined Weak Reference
    _get_lc_ctype                             - Undefined Weak Reference
    _get_lc_monetary                          - Undefined Weak Reference
    _get_lc_numeric                           - Undefined Weak Reference
    _get_lc_time                              - Undefined Weak Reference
    _getenv_init                              - Undefined Weak Reference
    _handle_redirection                       - Undefined Weak Reference
    _init_alloc                               - Undefined Weak Reference
    _init_user_alloc                          - Undefined Weak Reference
    _initio                                   - Undefined Weak Reference
    _printf_truncate_signed                   - Undefined Weak Reference
    _printf_truncate_unsigned                 - Undefined Weak Reference
    _rand_init                                - Undefined Weak Reference
    _signal_finish                            - Undefined Weak Reference
    _signal_init                              - Undefined Weak Reference
    _terminate_alloc                          - Undefined Weak Reference
    _terminate_user_alloc                     - Undefined Weak Reference
    _terminateio                              - Undefined Weak Reference
    __Vectors_Size                           0x000000bc   Number         0  startup_stm32g0b1xx.o ABSOLUTE
    __Vectors                                0x08000000   Data           4  startup_stm32g0b1xx.o(RESET)
    __Vectors_End                            0x080000bc   Data           0  startup_stm32g0b1xx.o(RESET)
    __main                                   0x080000bd   Thumb Code     8  __main.o(!!!main)
    __scatterload                            0x080000c5   Thumb Code     0  __scatter.o(!!!scatter)
    __scatterload_rt2                        0x080000c5   Thumb Code    74  __scatter.o(!!!scatter)
    __scatterload_rt2_thumb_only             0x080000c5   Thumb Code     0  __scatter.o(!!!scatter)
    __scatterload_loop                       0x080000cf   Thumb Code     0  __scatter.o(!!!scatter)
    __scatterload_copy                       0x08000119   Thumb Code    26  __scatter_copy.o(!!handler_copy)
    __scatterload_null                       0x08000135   Thumb Code     2  __scatter.o(!!handler_null)
    __scatterload_zeroinit                   0x08000139   Thumb Code    28  __scatter_zi.o(!!handler_zi)
    _printf_percent                          0x08000155   Thumb Code     0  _printf_percent.o(.ARM.Collect$$_printf_percent$$00000000)
    _printf_d                                0x08000157   Thumb Code     0  _printf_d.o(.ARM.Collect$$_printf_percent$$00000009)
    _printf_percent_end                      0x08000161   Thumb Code     0  _printf_percent_end.o(.ARM.Collect$$_printf_percent$$00000017)
    __rt_lib_init                            0x08000165   Thumb Code     0  libinit.o(.ARM.Collect$$libinit$$00000000)
    __rt_lib_init_alloca_1                   0x08000167   Thumb Code     0  libinit2.o(.ARM.Collect$$libinit$$00000030)
    __rt_lib_init_argv_1                     0x08000167   Thumb Code     0  libinit2.o(.ARM.Collect$$libinit$$0000002E)
    __rt_lib_init_atexit_1                   0x08000167   Thumb Code     0  libinit2.o(.ARM.Collect$$libinit$$0000001D)
    __rt_lib_init_clock_1                    0x08000167   Thumb Code     0  libinit2.o(.ARM.Collect$$libinit$$00000023)
    __rt_lib_init_cpp_1                      0x08000167   Thumb Code     0  libinit2.o(.ARM.Collect$$libinit$$00000034)
    __rt_lib_init_exceptions_1               0x08000167   Thumb Code     0  libinit2.o(.ARM.Collect$$libinit$$00000032)
    __rt_lib_init_fp_1                       0x08000167   Thumb Code     0  libinit2.o(.ARM.Collect$$libinit$$00000002)
    __rt_lib_init_fp_trap_1                  0x08000167   Thumb Code     0  libinit2.o(.ARM.Collect$$libinit$$00000021)
    __rt_lib_init_getenv_1                   0x08000167   Thumb Code     0  libinit2.o(.ARM.Collect$$libinit$$00000025)
    __rt_lib_init_heap_1                     0x08000167   Thumb Code     0  libinit2.o(.ARM.Collect$$libinit$$0000000C)
    __rt_lib_init_lc_collate_1               0x08000167   Thumb Code     0  libinit2.o(.ARM.Collect$$libinit$$00000013)
    __rt_lib_init_lc_ctype_1                 0x08000167   Thumb Code     0  libinit2.o(.ARM.Collect$$libinit$$00000015)
    __rt_lib_init_lc_monetary_1              0x08000167   Thumb Code     0  libinit2.o(.ARM.Collect$$libinit$$00000017)
    __rt_lib_init_lc_numeric_1               0x08000167   Thumb Code     0  libinit2.o(.ARM.Collect$$libinit$$00000019)
    __rt_lib_init_lc_time_1                  0x08000167   Thumb Code     0  libinit2.o(.ARM.Collect$$libinit$$0000001B)
    __rt_lib_init_preinit_1                  0x08000167   Thumb Code     0  libinit2.o(.ARM.Collect$$libinit$$00000006)
    __rt_lib_init_rand_1                     0x08000167   Thumb Code     0  libinit2.o(.ARM.Collect$$libinit$$00000010)
    __rt_lib_init_relocate_pie_1             0x08000167   Thumb Code     0  libinit2.o(.ARM.Collect$$libinit$$00000004)
    __rt_lib_init_return                     0x08000167   Thumb Code     0  libinit2.o(.ARM.Collect$$libinit$$00000035)
    __rt_lib_init_signal_1                   0x08000167   Thumb Code     0  libinit2.o(.ARM.Collect$$libinit$$0000001F)
    __rt_lib_init_stdio_1                    0x08000167   Thumb Code     0  libinit2.o(.ARM.Collect$$libinit$$00000027)
    __rt_lib_init_user_alloc_1               0x08000167   Thumb Code     0  libinit2.o(.ARM.Collect$$libinit$$0000000E)
    __rt_lib_shutdown                        0x08000169   Thumb Code     0  libshutdown.o(.ARM.Collect$$libshutdown$$00000000)
    __rt_lib_shutdown_cpp_1                  0x0800016b   Thumb Code     0  libshutdown2.o(.ARM.Collect$$libshutdown$$00000002)
    __rt_lib_shutdown_fp_trap_1              0x0800016b   Thumb Code     0  libshutdown2.o(.ARM.Collect$$libshutdown$$00000007)
    __rt_lib_shutdown_heap_1                 0x0800016b   Thumb Code     0  libshutdown2.o(.ARM.Collect$$libshutdown$$0000000F)
    __rt_lib_shutdown_return                 0x0800016b   Thumb Code     0  libshutdown2.o(.ARM.Collect$$libshutdown$$00000010)
    __rt_lib_shutdown_signal_1               0x0800016b   Thumb Code     0  libshutdown2.o(.ARM.Collect$$libshutdown$$0000000A)
    __rt_lib_shutdown_stdio_1                0x0800016b   Thumb Code     0  libshutdown2.o(.ARM.Collect$$libshutdown$$00000004)
    __rt_lib_shutdown_user_alloc_1           0x0800016b   Thumb Code     0  libshutdown2.o(.ARM.Collect$$libshutdown$$0000000C)
    __rt_entry                               0x0800016d   Thumb Code     0  __rtentry.o(.ARM.Collect$$rtentry$$00000000)
    __rt_entry_presh_1                       0x0800016d   Thumb Code     0  __rtentry2.o(.ARM.Collect$$rtentry$$00000002)
    __rt_entry_sh                            0x0800016d   Thumb Code     0  __rtentry4.o(.ARM.Collect$$rtentry$$00000004)
    __rt_entry_li                            0x08000173   Thumb Code     0  __rtentry2.o(.ARM.Collect$$rtentry$$0000000A)
    __rt_entry_postsh_1                      0x08000173   Thumb Code     0  __rtentry2.o(.ARM.Collect$$rtentry$$00000009)
    __rt_entry_main                          0x08000177   Thumb Code     0  __rtentry2.o(.ARM.Collect$$rtentry$$0000000D)
    __rt_entry_postli_1                      0x08000177   Thumb Code     0  __rtentry2.o(.ARM.Collect$$rtentry$$0000000C)
    __rt_exit                                0x0800017f   Thumb Code     0  rtexit.o(.ARM.Collect$$rtexit$$00000000)
    __rt_exit_ls                             0x08000181   Thumb Code     0  rtexit2.o(.ARM.Collect$$rtexit$$00000003)
    __rt_exit_prels_1                        0x08000181   Thumb Code     0  rtexit2.o(.ARM.Collect$$rtexit$$00000002)
    __rt_exit_exit                           0x08000185   Thumb Code     0  rtexit2.o(.ARM.Collect$$rtexit$$00000004)
    Reset_Handler                            0x0800018d   Thumb Code     8  startup_stm32g0b1xx.o(.text)
    ADC1_COMP_IRQHandler                     0x0800019f   Thumb Code     0  startup_stm32g0b1xx.o(.text)
    CEC_IRQHandler                           0x0800019f   Thumb Code     0  startup_stm32g0b1xx.o(.text)
    DMA1_Ch4_7_DMA2_Ch1_5_DMAMUX1_OVR_IRQHandler 0x0800019f   Thumb Code     0  startup_stm32g0b1xx.o(.text)
    DMA1_Channel2_3_IRQHandler               0x0800019f   Thumb Code     0  startup_stm32g0b1xx.o(.text)
    EXTI0_1_IRQHandler                       0x0800019f   Thumb Code     0  startup_stm32g0b1xx.o(.text)
    EXTI2_3_IRQHandler                       0x0800019f   Thumb Code     0  startup_stm32g0b1xx.o(.text)
    EXTI4_15_IRQHandler                      0x0800019f   Thumb Code     0  startup_stm32g0b1xx.o(.text)
    FLASH_IRQHandler                         0x0800019f   Thumb Code     0  startup_stm32g0b1xx.o(.text)
    I2C1_IRQHandler                          0x0800019f   Thumb Code     0  startup_stm32g0b1xx.o(.text)
    I2C2_3_IRQHandler                        0x0800019f   Thumb Code     0  startup_stm32g0b1xx.o(.text)
    PVD_VDDIO2_IRQHandler                    0x0800019f   Thumb Code     0  startup_stm32g0b1xx.o(.text)
    RCC_CRS_IRQHandler                       0x0800019f   Thumb Code     0  startup_stm32g0b1xx.o(.text)
    RTC_TAMP_IRQHandler                      0x0800019f   Thumb Code     0  startup_stm32g0b1xx.o(.text)
    SPI1_IRQHandler                          0x0800019f   Thumb Code     0  startup_stm32g0b1xx.o(.text)
    SPI2_3_IRQHandler                        0x0800019f   Thumb Code     0  startup_stm32g0b1xx.o(.text)
    TIM14_IRQHandler                         0x0800019f   Thumb Code     0  startup_stm32g0b1xx.o(.text)
    TIM15_IRQHandler                         0x0800019f   Thumb Code     0  startup_stm32g0b1xx.o(.text)
    TIM16_FDCAN_IT0_IRQHandler               0x0800019f   Thumb Code     0  startup_stm32g0b1xx.o(.text)
    TIM17_FDCAN_IT1_IRQHandler               0x0800019f   Thumb Code     0  startup_stm32g0b1xx.o(.text)
    TIM1_BRK_UP_TRG_COM_IRQHandler           0x0800019f   Thumb Code     0  startup_stm32g0b1xx.o(.text)
    TIM1_CC_IRQHandler                       0x0800019f   Thumb Code     0  startup_stm32g0b1xx.o(.text)
    TIM2_IRQHandler                          0x0800019f   Thumb Code     0  startup_stm32g0b1xx.o(.text)
    TIM3_TIM4_IRQHandler                     0x0800019f   Thumb Code     0  startup_stm32g0b1xx.o(.text)
    TIM6_DAC_LPTIM1_IRQHandler               0x0800019f   Thumb Code     0  startup_stm32g0b1xx.o(.text)
    TIM7_LPTIM2_IRQHandler                   0x0800019f   Thumb Code     0  startup_stm32g0b1xx.o(.text)
    USART1_IRQHandler                        0x0800019f   Thumb Code     0  startup_stm32g0b1xx.o(.text)
    USART2_LPUART2_IRQHandler                0x0800019f   Thumb Code     0  startup_stm32g0b1xx.o(.text)
    USART3_4_5_6_LPUART1_IRQHandler          0x0800019f   Thumb Code     0  startup_stm32g0b1xx.o(.text)
    WWDG_IRQHandler                          0x0800019f   Thumb Code     0  startup_stm32g0b1xx.o(.text)
    __user_initial_stackheap                 0x080001a1   Thumb Code     0  startup_stm32g0b1xx.o(.text)
    __2sprintf                               0x080001c5   Thumb Code    40  __2sprintf.o(.text)
    _printf_pre_padding                      0x080001f1   Thumb Code    44  _printf_pad.o(.text)
    _printf_post_padding                     0x0800021d   Thumb Code    34  _printf_pad.o(.text)
    _printf_int_dec                          0x08000241   Thumb Code    90  _printf_dec.o(.text)
    __printf                                 0x080002ad   Thumb Code   306  __printf_flags_wp.o(.text)
    _memset_w                                0x080003e5   Thumb Code    26  rt_memclr.o(.text)
    _memset                                  0x080003ff   Thumb Code    30  rt_memclr.o(.text)
    __aeabi_memclr                           0x0800041d   Thumb Code     4  rt_memclr.o(.text)
    __rt_memclr                              0x0800041d   Thumb Code     0  rt_memclr.o(.text)
    __aeabi_memclr4                          0x08000421   Thumb Code     0  rt_memclr.o(.text)
    __aeabi_memclr8                          0x08000421   Thumb Code     0  rt_memclr.o(.text)
    __rt_memclr_w                            0x08000421   Thumb Code     4  rt_memclr.o(.text)
    __aeabi_uidivmod                         0x08000425   Thumb Code    28  aeabi_sdivfast.o(.text)
    __aeabi_idivmod                          0x08000441   Thumb Code   472  aeabi_sdivfast.o(.text)
    __use_two_region_memory                  0x0800061d   Thumb Code     2  heapauxi.o(.text)
    __rt_heap_escrow$2region                 0x0800061f   Thumb Code     2  heapauxi.o(.text)
    __rt_heap_expand$2region                 0x08000621   Thumb Code     2  heapauxi.o(.text)
    _printf_int_common                       0x08000623   Thumb Code   176  _printf_intcommon.o(.text)
    _printf_char_common                      0x080006df   Thumb Code    32  _printf_char_common.o(.text)
    _sputc                                   0x08000705   Thumb Code    10  _sputc.o(.text)
    __rt_udiv10                              0x0800070f   Thumb Code    40  rtudiv10.o(.text)
    __user_setup_stackheap                   0x08000737   Thumb Code    62  sys_stackheap_outer.o(.text)
    exit                                     0x08000775   Thumb Code    16  exit.o(.text)
    __user_libspace                          0x08000785   Thumb Code     8  libspace.o(.text)
    __user_perproc_libspace                  0x08000785   Thumb Code     0  libspace.o(.text)
    __user_perthread_libspace                0x08000785   Thumb Code     0  libspace.o(.text)
    _sys_exit                                0x0800078d   Thumb Code     8  sys_exit.o(.text)
    __I$use$semihosting                      0x08000799   Thumb Code     0  use_no_semi.o(.text)
    __use_no_semihosting_swi                 0x08000799   Thumb Code     2  use_no_semi.o(.text)
    __semihosting_library_function           0x0800079b   Thumb Code     0  indicate_semi.o(.text)
    ADC_Disable                              0x08000845   Thumb Code   100  stm32g0xx_hal_adc.o(.text.ADC_Disable)
    ADC_Enable                               0x080008a9   Thumb Code   204  stm32g0xx_hal_adc.o(.text.ADC_Enable)
    CDC_Transmit_FS                          0x080009cd   Thumb Code    44  usbd_cdc_if.o(.text.CDC_Transmit_FS)
    DMA1_Channel1_IRQHandler                 0x080009fd   Thumb Code    12  stm32g0xx_it.o(.text.DMA1_Channel1_IRQHandler)
    Error_Handler                            0x08000a0d   Thumb Code     8  main.o(.text.Error_Handler)
    FLASH_WaitForLastOperation               0x08000a15   Thumb Code   176  stm32g0xx_hal_flash.o(.text.FLASH_WaitForLastOperation)
    HAL_ADCEx_Calibration_Start              0x08000ad5   Thumb Code  1164  stm32g0xx_hal_adc_ex.o(.text.HAL_ADCEx_Calibration_Start)
    HAL_ADC_ConfigChannel                    0x08000f65   Thumb Code   664  stm32g0xx_hal_adc.o(.text.HAL_ADC_ConfigChannel)
    HAL_ADC_ConvCpltCallback                 0x08001221   Thumb Code     2  stm32g0xx_hal_adc.o(.text.HAL_ADC_ConvCpltCallback)
    HAL_ADC_ConvHalfCpltCallback             0x08001223   Thumb Code     2  stm32g0xx_hal_adc.o(.text.HAL_ADC_ConvHalfCpltCallback)
    HAL_ADC_ErrorCallback                    0x08001225   Thumb Code     2  stm32g0xx_hal_adc.o(.text.HAL_ADC_ErrorCallback)
    HAL_ADC_Init                             0x08001229   Thumb Code   564  stm32g0xx_hal_adc.o(.text.HAL_ADC_Init)
    HAL_ADC_MspInit                          0x08001475   Thumb Code   132  adc.o(.text.HAL_ADC_MspInit)
    HAL_ADC_Start_DMA                        0x08001509   Thumb Code   160  stm32g0xx_hal_adc.o(.text.HAL_ADC_Start_DMA)
    HAL_DMA_IRQHandler                       0x080015bd   Thumb Code   224  stm32g0xx_hal_dma.o(.text.HAL_DMA_IRQHandler)
    HAL_DMA_Init                             0x080016a5   Thumb Code   264  stm32g0xx_hal_dma.o(.text.HAL_DMA_Init)
    HAL_DMA_Start_IT                         0x080017cd   Thumb Code   194  stm32g0xx_hal_dma.o(.text.HAL_DMA_Start_IT)
    HAL_FLASHEx_OBGetConfig                  0x08001891   Thumb Code   496  stm32g0xx_hal_flash_ex.o(.text.HAL_FLASHEx_OBGetConfig)
    HAL_FLASHEx_OBProgram                    0x08001a9d   Thumb Code   652  stm32g0xx_hal_flash_ex.o(.text.HAL_FLASHEx_OBProgram)
    HAL_FLASH_Lock                           0x08001d49   Thumb Code   112  stm32g0xx_hal_flash.o(.text.HAL_FLASH_Lock)
    HAL_FLASH_OB_Launch                      0x08001db9   Thumb Code    16  stm32g0xx_hal_flash.o(.text.HAL_FLASH_OB_Launch)
    HAL_FLASH_OB_Lock                        0x08001dcd   Thumb Code   116  stm32g0xx_hal_flash.o(.text.HAL_FLASH_OB_Lock)
    HAL_FLASH_OB_Unlock                      0x08001e51   Thumb Code    28  stm32g0xx_hal_flash.o(.text.HAL_FLASH_OB_Unlock)
    HAL_FLASH_Unlock                         0x08001e79   Thumb Code    28  stm32g0xx_hal_flash.o(.text.HAL_FLASH_Unlock)
    HAL_GPIO_Init                            0x08001ea1   Thumb Code   388  stm32g0xx_hal_gpio.o(.text.HAL_GPIO_Init)
    HAL_GPIO_ReadPin                         0x08002031   Thumb Code    10  stm32g0xx_hal_gpio.o(.text.HAL_GPIO_ReadPin)
    HAL_GPIO_TogglePin                       0x0800203b   Thumb Code    16  stm32g0xx_hal_gpio.o(.text.HAL_GPIO_TogglePin)
    HAL_GPIO_WritePin                        0x0800204b   Thumb Code    16  stm32g0xx_hal_gpio.o(.text.HAL_GPIO_WritePin)
    HAL_GetTick                              0x0800205d   Thumb Code     8  stm32g0xx_hal.o(.text.HAL_GetTick)
    HAL_IncTick                              0x08002065   Thumb Code    16  stm32g0xx_hal.o(.text.HAL_IncTick)
    HAL_Init                                 0x08002079   Thumb Code    40  stm32g0xx_hal.o(.text.HAL_Init)
    HAL_InitTick                             0x080020a5   Thumb Code    64  stm32g0xx_hal.o(.text.HAL_InitTick)
    HAL_MspInit                              0x080020ed   Thumb Code    52  stm32g0xx_hal_msp.o(.text.HAL_MspInit)
    HAL_NVIC_EnableIRQ                       0x08002125   Thumb Code    20  stm32g0xx_hal_cortex.o(.text.HAL_NVIC_EnableIRQ)
    HAL_NVIC_SetPriority                     0x0800213d   Thumb Code    48  stm32g0xx_hal_cortex.o(.text.HAL_NVIC_SetPriority)
    HAL_PCDEx_ActivateLPM                    0x08002175   Thumb Code    36  stm32g0xx_hal_pcd_ex.o(.text.HAL_PCDEx_ActivateLPM)
    HAL_PCDEx_LPM_Callback                   0x08002199   Thumb Code    72  usbd_conf.o(.text.HAL_PCDEx_LPM_Callback)
    HAL_PCDEx_PMAConfig                      0x080021e5   Thumb Code    56  stm32g0xx_hal_pcd_ex.o(.text.HAL_PCDEx_PMAConfig)
    HAL_PCD_DataInStageCallback              0x0800221d   Thumb Code    24  usbd_conf.o(.text.HAL_PCD_DataInStageCallback)
    HAL_PCD_DataOutStageCallback             0x08002235   Thumb Code    28  usbd_conf.o(.text.HAL_PCD_DataOutStageCallback)
    HAL_PCD_EP_Close                         0x08002251   Thumb Code    76  stm32g0xx_hal_pcd.o(.text.HAL_PCD_EP_Close)
    HAL_PCD_EP_ClrStall                      0x0800229d   Thumb Code    94  stm32g0xx_hal_pcd.o(.text.HAL_PCD_EP_ClrStall)
    HAL_PCD_EP_GetRxCount                    0x080022fb   Thumb Code    18  stm32g0xx_hal_pcd.o(.text.HAL_PCD_EP_GetRxCount)
    HAL_PCD_EP_Open                          0x0800230d   Thumb Code    88  stm32g0xx_hal_pcd.o(.text.HAL_PCD_EP_Open)
    HAL_PCD_EP_Receive                       0x08002365   Thumb Code    40  stm32g0xx_hal_pcd.o(.text.HAL_PCD_EP_Receive)
    HAL_PCD_EP_SetStall                      0x0800238d   Thumb Code    88  stm32g0xx_hal_pcd.o(.text.HAL_PCD_EP_SetStall)
    HAL_PCD_EP_Transmit                      0x080023e5   Thumb Code    44  stm32g0xx_hal_pcd.o(.text.HAL_PCD_EP_Transmit)
    HAL_PCD_IRQHandler                       0x08002411   Thumb Code  2660  stm32g0xx_hal_pcd.o(.text.HAL_PCD_IRQHandler)
    HAL_PCD_Init                             0x08002ea5   Thumb Code   658  stm32g0xx_hal_pcd.o(.text.HAL_PCD_Init)
    HAL_PCD_MspInit                          0x08003139   Thumb Code   128  usbd_conf.o(.text.HAL_PCD_MspInit)
    HAL_PCD_ResetCallback                    0x080031c1   Thumb Code    34  usbd_conf.o(.text.HAL_PCD_ResetCallback)
    HAL_PCD_ResumeCallback                   0x080031e5   Thumb Code    36  usbd_conf.o(.text.HAL_PCD_ResumeCallback)
    HAL_PCD_SOFCallback                      0x08003209   Thumb Code    14  usbd_conf.o(.text.HAL_PCD_SOFCallback)
    HAL_PCD_SetAddress                       0x08003217   Thumb Code    36  stm32g0xx_hal_pcd.o(.text.HAL_PCD_SetAddress)
    HAL_PCD_SetupStageCallback               0x0800323b   Thumb Code    22  usbd_conf.o(.text.HAL_PCD_SetupStageCallback)
    HAL_PCD_Start                            0x08003251   Thumb Code    42  stm32g0xx_hal_pcd.o(.text.HAL_PCD_Start)
    HAL_PCD_SuspendCallback                  0x0800327d   Thumb Code    32  usbd_conf.o(.text.HAL_PCD_SuspendCallback)
    HAL_PWREx_ControlVoltageScaling          0x080032a1   Thumb Code   132  stm32g0xx_hal_pwr_ex.o(.text.HAL_PWREx_ControlVoltageScaling)
    HAL_PWREx_EnableVddUSB                   0x08003331   Thumb Code    16  stm32g0xx_hal_pwr_ex.o(.text.HAL_PWREx_EnableVddUSB)
    HAL_PWR_EnableBkUpAccess                 0x08003345   Thumb Code    16  stm32g0xx_hal_pwr.o(.text.HAL_PWR_EnableBkUpAccess)
    HAL_RCCEx_PeriphCLKConfig                0x08003355   Thumb Code   656  stm32g0xx_hal_rcc_ex.o(.text.HAL_RCCEx_PeriphCLKConfig)
    HAL_RCC_ClockConfig                      0x080035f9   Thumb Code   488  stm32g0xx_hal_rcc.o(.text.HAL_RCC_ClockConfig)
    HAL_RCC_OscConfig                        0x08003801   Thumb Code  1188  stm32g0xx_hal_rcc.o(.text.HAL_RCC_OscConfig)
    HAL_RTC_GetDate                          0x08003cc1   Thumb Code    78  stm32g0xx_hal_rtc.o(.text.HAL_RTC_GetDate)
    HAL_RTC_GetTime                          0x08003d11   Thumb Code   104  stm32g0xx_hal_rtc.o(.text.HAL_RTC_GetTime)
    HAL_RTC_Init                             0x08003d7d   Thumb Code   208  stm32g0xx_hal_rtc.o(.text.HAL_RTC_Init)
    HAL_RTC_MspInit                          0x08003e51   Thumb Code    84  rtc.o(.text.HAL_RTC_MspInit)
    HAL_RTC_SetDate                          0x08003ead   Thumb Code   302  stm32g0xx_hal_rtc.o(.text.HAL_RTC_SetDate)
    HAL_RTC_SetTime                          0x08003fdd   Thumb Code   340  stm32g0xx_hal_rtc.o(.text.HAL_RTC_SetTime)
    HAL_SYSCFG_StrobeDBattpinsConfig         0x08004135   Thumb Code    16  stm32g0xx_hal.o(.text.HAL_SYSCFG_StrobeDBattpinsConfig)
    HAL_SYSTICK_Config                       0x08004149   Thumb Code    40  stm32g0xx_hal_cortex.o(.text.HAL_SYSTICK_Config)
    HardFault_Handler                        0x0800417d   Thumb Code     2  stm32g0xx_it.o(.text.HardFault_Handler)
    MX_ADC1_Init                             0x08004181   Thumb Code   100  adc.o(.text.MX_ADC1_Init)
    MX_DMA_Init                              0x080041ed   Thumb Code    44  dma.o(.text.MX_DMA_Init)
    MX_GPIO_Init                             0x0800421d   Thumb Code    56  gpio.o(.text.MX_GPIO_Init)
    MX_RTC_Init                              0x08004259   Thumb Code   112  rtc.o(.text.MX_RTC_Init)
    MX_USB_Device_Init                       0x080042d5   Thumb Code    68  usb_device.o(.text.MX_USB_Device_Init)
    NMI_Handler                              0x08004329   Thumb Code     2  stm32g0xx_it.o(.text.NMI_Handler)
    PendSV_Handler                           0x0800432b   Thumb Code     2  stm32g0xx_it.o(.text.PendSV_Handler)
    RTC_ExitInitMode                         0x0800432d   Thumb Code   136  stm32g0xx_hal_rtc.o(.text.RTC_ExitInitMode)
    SVC_Handler                              0x080043bd   Thumb Code     2  stm32g0xx_it.o(.text.SVC_Handler)
    SysTick_Handler                          0x080043bf   Thumb Code     8  stm32g0xx_it.o(.text.SysTick_Handler)
    SystemClock_Config                       0x080043c9   Thumb Code   132  main.o(.text.SystemClock_Config)
    SystemInit                               0x08004451   Thumb Code     2  system_stm32g0xx.o(.text.SystemInit)
    USBD_CDC_ConfigStrDescriptor             0x08004455   Thumb Code    20  usbd_desc.o(.text.USBD_CDC_ConfigStrDescriptor)
    USBD_CDC_DeviceDescriptor                0x080045a9   Thumb Code     8  usbd_desc.o(.text.USBD_CDC_DeviceDescriptor)
    USBD_CDC_GetDeviceQualifierDescriptor    0x080045f5   Thumb Code     8  usbd_cdc.o(.text.USBD_CDC_GetDeviceQualifierDescriptor)
    USBD_CDC_InterfaceStrDescriptor          0x080047dd   Thumb Code    20  usbd_desc.o(.text.USBD_CDC_InterfaceStrDescriptor)
    USBD_CDC_LangIDStrDescriptor             0x08004801   Thumb Code     8  usbd_desc.o(.text.USBD_CDC_LangIDStrDescriptor)
    USBD_CDC_ManufacturerStrDescriptor       0x0800480d   Thumb Code    20  usbd_desc.o(.text.USBD_CDC_ManufacturerStrDescriptor)
    USBD_CDC_ProductStrDescriptor            0x08004839   Thumb Code    20  usbd_desc.o(.text.USBD_CDC_ProductStrDescriptor)
    USBD_CDC_ReceivePacket                   0x08004869   Thumb Code    54  usbd_cdc.o(.text.USBD_CDC_ReceivePacket)
    USBD_CDC_RegisterInterface               0x0800489f   Thumb Code    28  usbd_cdc.o(.text.USBD_CDC_RegisterInterface)
    USBD_CDC_SerialStrDescriptor             0x080048bd   Thumb Code   264  usbd_desc.o(.text.USBD_CDC_SerialStrDescriptor)
    USBD_CDC_SetRxBuffer                     0x080049cd   Thumb Code    34  usbd_cdc.o(.text.USBD_CDC_SetRxBuffer)
    USBD_CDC_SetTxBuffer                     0x080049ef   Thumb Code    38  usbd_cdc.o(.text.USBD_CDC_SetTxBuffer)
    USBD_CDC_TransmitPacket                  0x08004b13   Thumb Code    62  usbd_cdc.o(.text.USBD_CDC_TransmitPacket)
    USBD_ClrClassConfig                      0x08004b51   Thumb Code    20  usbd_core.o(.text.USBD_ClrClassConfig)
    USBD_CoreFindEP                          0x08004b65   Thumb Code     4  usbd_core.o(.text.USBD_CoreFindEP)
    USBD_CoreFindIF                          0x08004b69   Thumb Code     4  usbd_core.o(.text.USBD_CoreFindIF)
    USBD_CtlContinueRx                       0x08004b6d   Thumb Code    18  usbd_ioreq.o(.text.USBD_CtlContinueRx)
    USBD_CtlContinueSendData                 0x08004b7f   Thumb Code    18  usbd_ioreq.o(.text.USBD_CtlContinueSendData)
    USBD_CtlError                            0x08004b91   Thumb Code    20  usbd_ctlreq.o(.text.USBD_CtlError)
    USBD_CtlPrepareRx                        0x08004ba5   Thumb Code    36  usbd_ioreq.o(.text.USBD_CtlPrepareRx)
    USBD_CtlReceiveStatus                    0x08004bc9   Thumb Code    26  usbd_ioreq.o(.text.USBD_CtlReceiveStatus)
    USBD_CtlSendData                         0x08004be3   Thumb Code    30  usbd_ioreq.o(.text.USBD_CtlSendData)
    USBD_CtlSendStatus                       0x08004c01   Thumb Code    26  usbd_ioreq.o(.text.USBD_CtlSendStatus)
    USBD_GetEpDesc                           0x08004c1b   Thumb Code   122  usbd_core.o(.text.USBD_GetEpDesc)
    USBD_GetString                           0x08004c95   Thumb Code   174  usbd_ctlreq.o(.text.USBD_GetString)
    USBD_Init                                0x08004d43   Thumb Code    42  usbd_core.o(.text.USBD_Init)
    USBD_LL_ClearStallEP                     0x08004d6d   Thumb Code    32  usbd_conf.o(.text.USBD_LL_ClearStallEP)
    USBD_LL_CloseEP                          0x08004d8d   Thumb Code    32  usbd_conf.o(.text.USBD_LL_CloseEP)
    USBD_LL_DataInStage                      0x08004dad   Thumb Code   176  usbd_core.o(.text.USBD_LL_DataInStage)
    USBD_LL_DataOutStage                     0x08004e5d   Thumb Code   118  usbd_core.o(.text.USBD_LL_DataOutStage)
    USBD_LL_GetRxDataSize                    0x08004ed3   Thumb Code    14  usbd_conf.o(.text.USBD_LL_GetRxDataSize)
    USBD_LL_Init                             0x08004ee1   Thumb Code   128  usbd_conf.o(.text.USBD_LL_Init)
    USBD_LL_IsStallEP                        0x08004f6d   Thumb Code    38  usbd_conf.o(.text.USBD_LL_IsStallEP)
    USBD_LL_OpenEP                           0x08004f95   Thumb Code    40  usbd_conf.o(.text.USBD_LL_OpenEP)
    USBD_LL_PrepareReceive                   0x08004fbd   Thumb Code    32  usbd_conf.o(.text.USBD_LL_PrepareReceive)
    USBD_LL_Reset                            0x08004fdd   Thumb Code   112  usbd_core.o(.text.USBD_LL_Reset)
    USBD_LL_Resume                           0x0800504d   Thumb Code    20  usbd_core.o(.text.USBD_LL_Resume)
    USBD_LL_SOF                              0x08005061   Thumb Code    32  usbd_core.o(.text.USBD_LL_SOF)
    USBD_LL_SetSpeed                         0x08005081   Thumb Code     6  usbd_core.o(.text.USBD_LL_SetSpeed)
    USBD_LL_SetUSBAddress                    0x08005089   Thumb Code    32  usbd_conf.o(.text.USBD_LL_SetUSBAddress)
    USBD_LL_SetupStage                       0x080050a9   Thumb Code    88  usbd_core.o(.text.USBD_LL_SetupStage)
    USBD_LL_StallEP                          0x08005105   Thumb Code    32  usbd_conf.o(.text.USBD_LL_StallEP)
    USBD_LL_Start                            0x08005125   Thumb Code    32  usbd_conf.o(.text.USBD_LL_Start)
    USBD_LL_Suspend                          0x08005149   Thumb Code    18  usbd_core.o(.text.USBD_LL_Suspend)
    USBD_LL_Transmit                         0x0800515d   Thumb Code    32  usbd_conf.o(.text.USBD_LL_Transmit)
    USBD_ParseSetupRequest                   0x08005181   Thumb Code    40  usbd_ctlreq.o(.text.USBD_ParseSetupRequest)
    USBD_RegisterClass                       0x080051a9   Thumb Code    62  usbd_core.o(.text.USBD_RegisterClass)
    USBD_SetClassConfig                      0x080051e7   Thumb Code    22  usbd_core.o(.text.USBD_SetClassConfig)
    USBD_Start                               0x080051fd   Thumb Code     8  usbd_core.o(.text.USBD_Start)
    USBD_StdDevReq                           0x08005205   Thumb Code   804  usbd_ctlreq.o(.text.USBD_StdDevReq)
    USBD_StdEPReq                            0x0800552d   Thumb Code   370  usbd_ctlreq.o(.text.USBD_StdEPReq)
    USBD_StdItfReq                           0x0800569f   Thumb Code   130  usbd_ctlreq.o(.text.USBD_StdItfReq)
    USBD_static_free                         0x08005721   Thumb Code     2  usbd_conf.o(.text.USBD_static_free)
    USBD_static_malloc                       0x08005725   Thumb Code     4  usbd_conf.o(.text.USBD_static_malloc)
    USB_ActivateEndpoint                     0x0800572d   Thumb Code   544  stm32g0xx_ll_usb.o(.text.USB_ActivateEndpoint)
    USB_DeactivateEndpoint                   0x08005969   Thumb Code   160  stm32g0xx_ll_usb.o(.text.USB_DeactivateEndpoint)
    USB_DevConnect                           0x08005a0d   Thumb Code    14  stm32g0xx_ll_usb.o(.text.USB_DevConnect)
    USB_DevInit                              0x08005a1b   Thumb Code    26  stm32g0xx_ll_usb.o(.text.USB_DevInit)
    USB_DisableGlobalInt                     0x08005a35   Thumb Code    12  stm32g0xx_ll_usb.o(.text.USB_DisableGlobalInt)
    USB_EPClearStall                         0x08005a45   Thumb Code    88  stm32g0xx_ll_usb.o(.text.USB_EPClearStall)
    USB_EPSetStall                           0x08005aad   Thumb Code    44  stm32g0xx_ll_usb.o(.text.USB_EPSetStall)
    USB_EPStartXfer                          0x08005ae9   Thumb Code  3136  stm32g0xx_ll_usb.o(.text.USB_EPStartXfer)
    USB_EnableGlobalInt                      0x08006735   Thumb Code    12  stm32g0xx_ll_usb.o(.text.USB_EnableGlobalInt)
    USB_ReadInterrupts                       0x08006745   Thumb Code     4  stm32g0xx_ll_usb.o(.text.USB_ReadInterrupts)
    USB_ReadPMA                              0x08006749   Thumb Code   264  stm32g0xx_ll_usb.o(.text.USB_ReadPMA)
    USB_SetDevAddress                        0x08006855   Thumb Code    16  stm32g0xx_ll_usb.o(.text.USB_SetDevAddress)
    USB_UCPD1_2_IRQHandler                   0x08006865   Thumb Code    12  stm32g0xx_it.o(.text.USB_UCPD1_2_IRQHandler)
    USB_WritePMA                             0x08006875   Thumb Code   280  stm32g0xx_ll_usb.o(.text.USB_WritePMA)
    board_button_getstate                    0x08006991   Thumb Code    20  board.o(.text.board_button_getstate)
    board_button_init                        0x080069a5   Thumb Code    52  board.o(.text.board_button_init)
    board_led_init                           0x080069d9   Thumb Code    64  board.o(.text.board_led_init)
    board_led_set                            0x08006a1d   Thumb Code    20  board.o(.text.board_led_set)
    board_led_toggle                         0x08006a31   Thumb Code    12  board.o(.text.board_led_toggle)
    main                                     0x08006a41   Thumb Code   380  main.o(.text.main)
    __aeabi_uidiv                            0x08006bf5   Thumb Code    68  aeabi_sdivfast.o(.text_divfast)
    __aeabi_idiv                             0x08006c39   Thumb Code   434  aeabi_sdivfast.o(.text_divfast)
    _is_digit                                0x08006deb   Thumb Code    14  __printf_wp.o(i._is_digit)
    AHBPrescTable                            0x08006e0c   Data          64  system_stm32g0xx.o(.rodata.AHBPrescTable)
    Region$$Table$$Base                      0x08006e4c   Number         0  anon$$obj.o(Region$$Table)
    Region$$Table$$Limit                     0x08006e6c   Number         0  anon$$obj.o(Region$$Table)
    uwTickFreq                               0x20000000   Data           1  stm32g0xx_hal.o(.data..L_MergedGlobals)
    uwTickPrio                               0x20000004   Data           4  stm32g0xx_hal.o(.data..L_MergedGlobals)
    CDC_Desc                                 0x20000008   Data          32  usbd_desc.o(.data.CDC_Desc)
    SystemCoreClock                          0x20000028   Data           4  system_stm32g0xx.o(.data.SystemCoreClock)
    USBD_CDC                                 0x2000002c   Data          56  usbd_cdc.o(.data.USBD_CDC)
    USBD_CDC_DeviceDesc                      0x200000a8   Data          18  usbd_desc.o(.data.USBD_CDC_DeviceDesc)
    USBD_Interface_fops_FS                   0x200000c8   Data          20  usbd_cdc_if.o(.data.USBD_Interface_fops_FS)
    USBD_LangIDDesc                          0x200000dc   Data           4  usbd_desc.o(.data.USBD_LangIDDesc)
    USBD_StringSerial                        0x200000e0   Data          26  usbd_desc.o(.data.USBD_StringSerial)
    __libspace_start                         0x20000100   Data          96  libspace.o(.bss)
    __temporary_stack_top$libspace           0x20000160   Data           0  libspace.o(.bss)
    adc_inp                                  0x20000162   Data           2  main.o(.bss..L_MergedGlobals)
    USBD_StrDesc                             0x20000168   Data         512  usbd_desc.o(.bss.USBD_StrDesc)
    UserRxBufferFS                           0x20000588   Data        2048  usbd_cdc_if.o(.bss.UserRxBufferFS)
    UserTxBufferFS                           0x20000d88   Data        2048  usbd_cdc_if.o(.bss.UserTxBufferFS)
    hUsbDeviceFS                             0x20001588   Data         732  usb_device.o(.bss.hUsbDeviceFS)
    hadc1                                    0x20001864   Data         100  adc.o(.bss.hadc1)
    hdma_adc1                                0x200018c8   Data          96  adc.o(.bss.hdma_adc1)
    hpcd_USB_DRD_FS                          0x20001928   Data         736  usbd_conf.o(.bss.hpcd_USB_DRD_FS)
    hrtc                                     0x20001c08   Data          44  rtc.o(.bss.hrtc)
    pFlash                                   0x20001c34   Data          28  stm32g0xx_hal_flash.o(.bss.pFlash)
    uwTick                                   0x20001c50   Data           4  stm32g0xx_hal.o(.bss.uwTick)



==============================================================================

Memory Map of the image

  Image Entry point : 0x080000bd

  Load Region LR_IROM1 (Base: 0x08000000, Size: 0x00006f70, Max: 0x00020000, ABSOLUTE)

    Execution Region ER_IROM1 (Exec base: 0x08000000, Load base: 0x08000000, Size: 0x00006e6c, Max: 0x00020000, ABSOLUTE)

    Exec Addr    Load Addr    Size         Type   Attr      Idx    E Section Name        Object

    0x08000000   0x08000000   0x000000bc   Data   RO            3    RESET               startup_stm32g0b1xx.o
    0x080000bc   0x080000bc   0x00000008   Code   RO         1344  * !!!main             c_p.l(__main.o)
    0x080000c4   0x080000c4   0x00000054   Code   RO         1532    !!!scatter          c_p.l(__scatter.o)
    0x08000118   0x08000118   0x0000001a   Code   RO         1536    !!handler_copy      c_p.l(__scatter_copy.o)
    0x08000132   0x08000132   0x00000002   PAD
    0x08000134   0x08000134   0x00000002   Code   RO         1533    !!handler_null      c_p.l(__scatter.o)
    0x08000136   0x08000136   0x00000002   PAD
    0x08000138   0x08000138   0x0000001c   Code   RO         1538    !!handler_zi        c_p.l(__scatter_zi.o)
    0x08000154   0x08000154   0x00000002   Code   RO         1331    .ARM.Collect$$_printf_percent$$00000000  c_p.l(_printf_percent.o)
    0x08000156   0x08000156   0x0000000a   Code   RO         1330    .ARM.Collect$$_printf_percent$$00000009  c_p.l(_printf_d.o)
    0x08000160   0x08000160   0x00000004   Code   RO         1357    .ARM.Collect$$_printf_percent$$00000017  c_p.l(_printf_percent_end.o)
    0x08000164   0x08000164   0x00000002   Code   RO         1393    .ARM.Collect$$libinit$$00000000  c_p.l(libinit.o)
    0x08000166   0x08000166   0x00000000   Code   RO         1407    .ARM.Collect$$libinit$$00000002  c_p.l(libinit2.o)
    0x08000166   0x08000166   0x00000000   Code   RO         1409    .ARM.Collect$$libinit$$00000004  c_p.l(libinit2.o)
    0x08000166   0x08000166   0x00000000   Code   RO         1411    .ARM.Collect$$libinit$$00000006  c_p.l(libinit2.o)
    0x08000166   0x08000166   0x00000000   Code   RO         1414    .ARM.Collect$$libinit$$0000000C  c_p.l(libinit2.o)
    0x08000166   0x08000166   0x00000000   Code   RO         1416    .ARM.Collect$$libinit$$0000000E  c_p.l(libinit2.o)
    0x08000166   0x08000166   0x00000000   Code   RO         1418    .ARM.Collect$$libinit$$00000010  c_p.l(libinit2.o)
    0x08000166   0x08000166   0x00000000   Code   RO         1421    .ARM.Collect$$libinit$$00000013  c_p.l(libinit2.o)
    0x08000166   0x08000166   0x00000000   Code   RO         1423    .ARM.Collect$$libinit$$00000015  c_p.l(libinit2.o)
    0x08000166   0x08000166   0x00000000   Code   RO         1425    .ARM.Collect$$libinit$$00000017  c_p.l(libinit2.o)
    0x08000166   0x08000166   0x00000000   Code   RO         1427    .ARM.Collect$$libinit$$00000019  c_p.l(libinit2.o)
    0x08000166   0x08000166   0x00000000   Code   RO         1429    .ARM.Collect$$libinit$$0000001B  c_p.l(libinit2.o)
    0x08000166   0x08000166   0x00000000   Code   RO         1431    .ARM.Collect$$libinit$$0000001D  c_p.l(libinit2.o)
    0x08000166   0x08000166   0x00000000   Code   RO         1433    .ARM.Collect$$libinit$$0000001F  c_p.l(libinit2.o)
    0x08000166   0x08000166   0x00000000   Code   RO         1435    .ARM.Collect$$libinit$$00000021  c_p.l(libinit2.o)
    0x08000166   0x08000166   0x00000000   Code   RO         1437    .ARM.Collect$$libinit$$00000023  c_p.l(libinit2.o)
    0x08000166   0x08000166   0x00000000   Code   RO         1439    .ARM.Collect$$libinit$$00000025  c_p.l(libinit2.o)
    0x08000166   0x08000166   0x00000000   Code   RO         1441    .ARM.Collect$$libinit$$00000027  c_p.l(libinit2.o)
    0x08000166   0x08000166   0x00000000   Code   RO         1445    .ARM.Collect$$libinit$$0000002E  c_p.l(libinit2.o)
    0x08000166   0x08000166   0x00000000   Code   RO         1447    .ARM.Collect$$libinit$$00000030  c_p.l(libinit2.o)
    0x08000166   0x08000166   0x00000000   Code   RO         1449    .ARM.Collect$$libinit$$00000032  c_p.l(libinit2.o)
    0x08000166   0x08000166   0x00000000   Code   RO         1451    .ARM.Collect$$libinit$$00000034  c_p.l(libinit2.o)
    0x08000166   0x08000166   0x00000002   Code   RO         1452    .ARM.Collect$$libinit$$00000035  c_p.l(libinit2.o)
    0x08000168   0x08000168   0x00000002   Code   RO         1487    .ARM.Collect$$libshutdown$$00000000  c_p.l(libshutdown.o)
    0x0800016a   0x0800016a   0x00000000   Code   RO         1515    .ARM.Collect$$libshutdown$$00000002  c_p.l(libshutdown2.o)
    0x0800016a   0x0800016a   0x00000000   Code   RO         1517    .ARM.Collect$$libshutdown$$00000004  c_p.l(libshutdown2.o)
    0x0800016a   0x0800016a   0x00000000   Code   RO         1520    .ARM.Collect$$libshutdown$$00000007  c_p.l(libshutdown2.o)
    0x0800016a   0x0800016a   0x00000000   Code   RO         1523    .ARM.Collect$$libshutdown$$0000000A  c_p.l(libshutdown2.o)
    0x0800016a   0x0800016a   0x00000000   Code   RO         1525    .ARM.Collect$$libshutdown$$0000000C  c_p.l(libshutdown2.o)
    0x0800016a   0x0800016a   0x00000000   Code   RO         1528    .ARM.Collect$$libshutdown$$0000000F  c_p.l(libshutdown2.o)
    0x0800016a   0x0800016a   0x00000002   Code   RO         1529    .ARM.Collect$$libshutdown$$00000010  c_p.l(libshutdown2.o)
    0x0800016c   0x0800016c   0x00000000   Code   RO         1346    .ARM.Collect$$rtentry$$00000000  c_p.l(__rtentry.o)
    0x0800016c   0x0800016c   0x00000000   Code   RO         1361    .ARM.Collect$$rtentry$$00000002  c_p.l(__rtentry2.o)
    0x0800016c   0x0800016c   0x00000006   Code   RO         1373    .ARM.Collect$$rtentry$$00000004  c_p.l(__rtentry4.o)
    0x08000172   0x08000172   0x00000000   Code   RO         1363    .ARM.Collect$$rtentry$$00000009  c_p.l(__rtentry2.o)
    0x08000172   0x08000172   0x00000004   Code   RO         1364    .ARM.Collect$$rtentry$$0000000A  c_p.l(__rtentry2.o)
    0x08000176   0x08000176   0x00000000   Code   RO         1366    .ARM.Collect$$rtentry$$0000000C  c_p.l(__rtentry2.o)
    0x08000176   0x08000176   0x00000008   Code   RO         1367    .ARM.Collect$$rtentry$$0000000D  c_p.l(__rtentry2.o)
    0x0800017e   0x0800017e   0x00000002   Code   RO         1398    .ARM.Collect$$rtexit$$00000000  c_p.l(rtexit.o)
    0x08000180   0x08000180   0x00000000   Code   RO         1458    .ARM.Collect$$rtexit$$00000002  c_p.l(rtexit2.o)
    0x08000180   0x08000180   0x00000004   Code   RO         1459    .ARM.Collect$$rtexit$$00000003  c_p.l(rtexit2.o)
    0x08000184   0x08000184   0x00000006   Code   RO         1460    .ARM.Collect$$rtexit$$00000004  c_p.l(rtexit2.o)
    0x0800018a   0x0800018a   0x00000002   PAD
    0x0800018c   0x0800018c   0x00000038   Code   RO            4    .text               startup_stm32g0b1xx.o
    0x080001c4   0x080001c4   0x0000002c   Code   RO         1300    .text               c_p.l(__2sprintf.o)
    0x080001f0   0x080001f0   0x0000004e   Code   RO         1306    .text               c_p.l(_printf_pad.o)
    0x0800023e   0x0800023e   0x00000002   PAD
    0x08000240   0x08000240   0x0000006c   Code   RO         1308    .text               c_p.l(_printf_dec.o)
    0x080002ac   0x080002ac   0x00000138   Code   RO         1322    .text               c_p.l(__printf_flags_wp.o)
    0x080003e4   0x080003e4   0x00000040   Code   RO         1332    .text               c_p.l(rt_memclr.o)
    0x08000424   0x08000424   0x000001f8   Code   RO         1334    .text               c_p.l(aeabi_sdivfast.o)
    0x0800061c   0x0800061c   0x00000006   Code   RO         1342    .text               c_p.l(heapauxi.o)
    0x08000622   0x08000622   0x000000b0   Code   RO         1351    .text               c_p.l(_printf_intcommon.o)
    0x080006d2   0x080006d2   0x00000002   PAD
    0x080006d4   0x080006d4   0x00000030   Code   RO         1353    .text               c_p.l(_printf_char_common.o)
    0x08000704   0x08000704   0x0000000a   Code   RO         1355    .text               c_p.l(_sputc.o)
    0x0800070e   0x0800070e   0x00000028   Code   RO         1358    .text               c_p.l(rtudiv10.o)
    0x08000736   0x08000736   0x0000003e   Code   RO         1379    .text               c_p.l(sys_stackheap_outer.o)
    0x08000774   0x08000774   0x00000010   Code   RO         1382    .text               c_p.l(exit.o)
    0x08000784   0x08000784   0x00000008   Code   RO         1394    .text               c_p.l(libspace.o)
    0x0800078c   0x0800078c   0x0000000c   Code   RO         1453    .text               c_p.l(sys_exit.o)
    0x08000798   0x08000798   0x00000002   Code   RO         1476    .text               c_p.l(use_no_semi.o)
    0x0800079a   0x0800079a   0x00000000   Code   RO         1478    .text               c_p.l(indicate_semi.o)
    0x0800079a   0x0800079a   0x00000084   Code   RO          907    .text.ADC_DMAConvCplt  stm32g0xx_hal_adc.o
    0x0800081e   0x0800081e   0x0000001a   Code   RO          911    .text.ADC_DMAError  stm32g0xx_hal_adc.o
    0x08000838   0x08000838   0x0000000a   Code   RO          909    .text.ADC_DMAHalfConvCplt  stm32g0xx_hal_adc.o
    0x08000842   0x08000842   0x00000002   PAD
    0x08000844   0x08000844   0x00000064   Code   RO          887    .text.ADC_Disable   stm32g0xx_hal_adc.o
    0x080008a8   0x080008a8   0x000000dc   Code   RO          893    .text.ADC_Enable    stm32g0xx_hal_adc.o
    0x08000984   0x08000984   0x00000004   Code   RO          217    .text.CDC_Control_FS  usbd_cdc_if.o
    0x08000988   0x08000988   0x00000004   Code   RO          215    .text.CDC_DeInit_FS  usbd_cdc_if.o
    0x0800098c   0x0800098c   0x00000024   Code   RO          213    .text.CDC_Init_FS   usbd_cdc_if.o
    0x080009b0   0x080009b0   0x00000018   Code   RO          219    .text.CDC_Receive_FS  usbd_cdc_if.o
    0x080009c8   0x080009c8   0x00000004   Code   RO          221    .text.CDC_TransmitCplt_FS  usbd_cdc_if.o
    0x080009cc   0x080009cc   0x00000030   Code   RO          223    .text.CDC_Transmit_FS  usbd_cdc_if.o
    0x080009fc   0x080009fc   0x00000010   Code   RO           88    .text.DMA1_Channel1_IRQHandler  stm32g0xx_it.o
    0x08000a0c   0x08000a0c   0x00000008   Code   RO           17    .text.Error_Handler  main.o
    0x08000a14   0x08000a14   0x000000c0   Code   RO          485    .text.FLASH_WaitForLastOperation  stm32g0xx_hal_flash.o
    0x08000ad4   0x08000ad4   0x00000490   Code   RO          943    .text.HAL_ADCEx_Calibration_Start  stm32g0xx_hal_adc_ex.o
    0x08000f64   0x08000f64   0x000002bc   Code   RO          927    .text.HAL_ADC_ConfigChannel  stm32g0xx_hal_adc.o
    0x08001220   0x08001220   0x00000002   Code   RO          919    .text.HAL_ADC_ConvCpltCallback  stm32g0xx_hal_adc.o
    0x08001222   0x08001222   0x00000002   Code   RO          925    .text.HAL_ADC_ConvHalfCpltCallback  stm32g0xx_hal_adc.o
    0x08001224   0x08001224   0x00000002   Code   RO          923    .text.HAL_ADC_ErrorCallback  stm32g0xx_hal_adc.o
    0x08001226   0x08001226   0x00000002   PAD
    0x08001228   0x08001228   0x0000024c   Code   RO          879    .text.HAL_ADC_Init  stm32g0xx_hal_adc.o
    0x08001474   0x08001474   0x00000094   Code   RO           39    .text.HAL_ADC_MspInit  adc.o
    0x08001508   0x08001508   0x000000b4   Code   RO          905    .text.HAL_ADC_Start_DMA  stm32g0xx_hal_adc.o
    0x080015bc   0x080015bc   0x000000e8   Code   RO          586    .text.HAL_DMA_IRQHandler  stm32g0xx_hal_dma.o
    0x080016a4   0x080016a4   0x00000128   Code   RO          572    .text.HAL_DMA_Init  stm32g0xx_hal_dma.o
    0x080017cc   0x080017cc   0x000000c2   Code   RO          578    .text.HAL_DMA_Start_IT  stm32g0xx_hal_dma.o
    0x0800188e   0x0800188e   0x00000002   PAD
    0x08001890   0x08001890   0x0000020c   Code   RO          524    .text.HAL_FLASHEx_OBGetConfig  stm32g0xx_hal_flash_ex.o
    0x08001a9c   0x08001a9c   0x000002ac   Code   RO          522    .text.HAL_FLASHEx_OBProgram  stm32g0xx_hal_flash_ex.o
    0x08001d48   0x08001d48   0x00000070   Code   RO          497    .text.HAL_FLASH_Lock  stm32g0xx_hal_flash.o
    0x08001db8   0x08001db8   0x00000014   Code   RO          503    .text.HAL_FLASH_OB_Launch  stm32g0xx_hal_flash.o
    0x08001dcc   0x08001dcc   0x00000084   Code   RO          501    .text.HAL_FLASH_OB_Lock  stm32g0xx_hal_flash.o
    0x08001e50   0x08001e50   0x00000028   Code   RO          499    .text.HAL_FLASH_OB_Unlock  stm32g0xx_hal_flash.o
    0x08001e78   0x08001e78   0x00000028   Code   RO          495    .text.HAL_FLASH_Unlock  stm32g0xx_hal_flash.o
    0x08001ea0   0x08001ea0   0x00000190   Code   RO          546    .text.HAL_GPIO_Init  stm32g0xx_hal_gpio.o
    0x08002030   0x08002030   0x0000000a   Code   RO          550    .text.HAL_GPIO_ReadPin  stm32g0xx_hal_gpio.o
    0x0800203a   0x0800203a   0x00000010   Code   RO          554    .text.HAL_GPIO_TogglePin  stm32g0xx_hal_gpio.o
    0x0800204a   0x0800204a   0x00000010   Code   RO          552    .text.HAL_GPIO_WritePin  stm32g0xx_hal_gpio.o
    0x0800205a   0x0800205a   0x00000002   PAD
    0x0800205c   0x0800205c   0x00000008   Code   RO          785    .text.HAL_GetTick   stm32g0xx_hal.o
    0x08002064   0x08002064   0x00000014   Code   RO          783    .text.HAL_IncTick   stm32g0xx_hal.o
    0x08002078   0x08002078   0x0000002c   Code   RO          773    .text.HAL_Init      stm32g0xx_hal.o
    0x080020a4   0x080020a4   0x00000048   Code   RO          775    .text.HAL_InitTick  stm32g0xx_hal.o
    0x080020ec   0x080020ec   0x00000038   Code   RO           97    .text.HAL_MspInit   stm32g0xx_hal_msp.o
    0x08002124   0x08002124   0x00000018   Code   RO          733    .text.HAL_NVIC_EnableIRQ  stm32g0xx_hal_cortex.o
    0x0800213c   0x0800213c   0x00000038   Code   RO          731    .text.HAL_NVIC_SetPriority  stm32g0xx_hal_cortex.o
    0x08002174   0x08002174   0x00000024   Code   RO          320    .text.HAL_PCDEx_ActivateLPM  stm32g0xx_hal_pcd_ex.o
    0x08002198   0x08002198   0x0000004c   Code   RO          159    .text.HAL_PCDEx_LPM_Callback  usbd_conf.o
    0x080021e4   0x080021e4   0x00000038   Code   RO          310    .text.HAL_PCDEx_PMAConfig  stm32g0xx_hal_pcd_ex.o
    0x0800221c   0x0800221c   0x00000018   Code   RO          113    .text.HAL_PCD_DataInStageCallback  usbd_conf.o
    0x08002234   0x08002234   0x0000001c   Code   RO          111    .text.HAL_PCD_DataOutStageCallback  usbd_conf.o
    0x08002250   0x08002250   0x0000004c   Code   RO          280    .text.HAL_PCD_EP_Close  stm32g0xx_hal_pcd.o
    0x0800229c   0x0800229c   0x0000005e   Code   RO          290    .text.HAL_PCD_EP_ClrStall  stm32g0xx_hal_pcd.o
    0x080022fa   0x080022fa   0x00000012   Code   RO          284    .text.HAL_PCD_EP_GetRxCount  stm32g0xx_hal_pcd.o
    0x0800230c   0x0800230c   0x00000058   Code   RO          278    .text.HAL_PCD_EP_Open  stm32g0xx_hal_pcd.o
    0x08002364   0x08002364   0x00000028   Code   RO          282    .text.HAL_PCD_EP_Receive  stm32g0xx_hal_pcd.o
    0x0800238c   0x0800238c   0x00000058   Code   RO          288    .text.HAL_PCD_EP_SetStall  stm32g0xx_hal_pcd.o
    0x080023e4   0x080023e4   0x0000002c   Code   RO          286    .text.HAL_PCD_EP_Transmit  stm32g0xx_hal_pcd.o
    0x08002410   0x08002410   0x00000a94   Code   RO          248    .text.HAL_PCD_IRQHandler  stm32g0xx_hal_pcd.o
    0x08002ea4   0x08002ea4   0x00000292   Code   RO          236    .text.HAL_PCD_Init  stm32g0xx_hal_pcd.o
    0x08003136   0x08003136   0x00000002   PAD
    0x08003138   0x08003138   0x00000088   Code   RO          105    .text.HAL_PCD_MspInit  usbd_conf.o
    0x080031c0   0x080031c0   0x00000022   Code   RO          117    .text.HAL_PCD_ResetCallback  usbd_conf.o
    0x080031e2   0x080031e2   0x00000002   PAD
    0x080031e4   0x080031e4   0x00000024   Code   RO          121    .text.HAL_PCD_ResumeCallback  usbd_conf.o
    0x08003208   0x08003208   0x0000000e   Code   RO          115    .text.HAL_PCD_SOFCallback  usbd_conf.o
    0x08003216   0x08003216   0x00000024   Code   RO          252    .text.HAL_PCD_SetAddress  stm32g0xx_hal_pcd.o
    0x0800323a   0x0800323a   0x00000016   Code   RO          109    .text.HAL_PCD_SetupStageCallback  usbd_conf.o
    0x08003250   0x08003250   0x0000002a   Code   RO          244    .text.HAL_PCD_Start  stm32g0xx_hal_pcd.o
    0x0800327a   0x0800327a   0x00000002   PAD
    0x0800327c   0x0800327c   0x00000024   Code   RO          119    .text.HAL_PCD_SuspendCallback  usbd_conf.o
    0x080032a0   0x080032a0   0x00000090   Code   RO          709    .text.HAL_PWREx_ControlVoltageScaling  stm32g0xx_hal_pwr_ex.o
    0x08003330   0x08003330   0x00000014   Code   RO          669    .text.HAL_PWREx_EnableVddUSB  stm32g0xx_hal_pwr_ex.o
    0x08003344   0x08003344   0x00000010   Code   RO          625    .text.HAL_PWR_EnableBkUpAccess  stm32g0xx_hal_pwr.o
    0x08003354   0x08003354   0x000002a4   Code   RO          446    .text.HAL_RCCEx_PeriphCLKConfig  stm32g0xx_hal_rcc_ex.o
    0x080035f8   0x080035f8   0x00000208   Code   RO          410    .text.HAL_RCC_ClockConfig  stm32g0xx_hal_rcc.o
    0x08003800   0x08003800   0x000004c0   Code   RO          408    .text.HAL_RCC_OscConfig  stm32g0xx_hal_rcc.o
    0x08003cc0   0x08003cc0   0x0000004e   Code   RO          990    .text.HAL_RTC_GetDate  stm32g0xx_hal_rtc.o
    0x08003d0e   0x08003d0e   0x00000002   PAD
    0x08003d10   0x08003d10   0x0000006c   Code   RO          984    .text.HAL_RTC_GetTime  stm32g0xx_hal_rtc.o
    0x08003d7c   0x08003d7c   0x000000d4   Code   RO          968    .text.HAL_RTC_Init  stm32g0xx_hal_rtc.o
    0x08003e50   0x08003e50   0x0000005c   Code   RO           63    .text.HAL_RTC_MspInit  rtc.o
    0x08003eac   0x08003eac   0x0000012e   Code   RO          988    .text.HAL_RTC_SetDate  stm32g0xx_hal_rtc.o
    0x08003fda   0x08003fda   0x00000002   PAD
    0x08003fdc   0x08003fdc   0x00000158   Code   RO          980    .text.HAL_RTC_SetTime  stm32g0xx_hal_rtc.o
    0x08004134   0x08004134   0x00000014   Code   RO          841    .text.HAL_SYSCFG_StrobeDBattpinsConfig  stm32g0xx_hal.o
    0x08004148   0x08004148   0x00000034   Code   RO          739    .text.HAL_SYSTICK_Config  stm32g0xx_hal_cortex.o
    0x0800417c   0x0800417c   0x00000002   Code   RO           78    .text.HardFault_Handler  stm32g0xx_it.o
    0x0800417e   0x0800417e   0x00000002   PAD
    0x08004180   0x08004180   0x0000006c   Code   RO           37    .text.MX_ADC1_Init  adc.o
    0x080041ec   0x080041ec   0x00000030   Code   RO           53    .text.MX_DMA_Init   dma.o
    0x0800421c   0x0800421c   0x0000003c   Code   RO           29    .text.MX_GPIO_Init  gpio.o
    0x08004258   0x08004258   0x0000007c   Code   RO           61    .text.MX_RTC_Init   rtc.o
    0x080042d4   0x080042d4   0x00000054   Code   RO          177    .text.MX_USB_Device_Init  usb_device.o
    0x08004328   0x08004328   0x00000002   Code   RO           76    .text.NMI_Handler   stm32g0xx_it.o
    0x0800432a   0x0800432a   0x00000002   Code   RO           82    .text.PendSV_Handler  stm32g0xx_it.o
    0x0800432c   0x0800432c   0x00000090   Code   RO          974    .text.RTC_ExitInitMode  stm32g0xx_hal_rtc.o
    0x080043bc   0x080043bc   0x00000002   Code   RO           80    .text.SVC_Handler   stm32g0xx_it.o
    0x080043be   0x080043be   0x00000008   Code   RO           84    .text.SysTick_Handler  stm32g0xx_it.o
    0x080043c6   0x080043c6   0x00000002   PAD
    0x080043c8   0x080043c8   0x00000088   Code   RO           15    .text.SystemClock_Config  main.o
    0x08004450   0x08004450   0x00000002   Code   RO         1126    .text.SystemInit    system_stm32g0xx.o
    0x08004452   0x08004452   0x00000002   PAD
    0x08004454   0x08004454   0x00000020   Code   RO          196    .text.USBD_CDC_ConfigStrDescriptor  usbd_desc.o
    0x08004474   0x08004474   0x0000008a   Code   RO         1248    .text.USBD_CDC_DataIn  usbd_cdc.o
    0x080044fe   0x080044fe   0x00000046   Code   RO         1250    .text.USBD_CDC_DataOut  usbd_cdc.o
    0x08004544   0x08004544   0x00000062   Code   RO         1242    .text.USBD_CDC_DeInit  usbd_cdc.o
    0x080045a6   0x080045a6   0x00000002   PAD
    0x080045a8   0x080045a8   0x0000000c   Code   RO          186    .text.USBD_CDC_DeviceDescriptor  usbd_desc.o
    0x080045b4   0x080045b4   0x00000040   Code   RO         1246    .text.USBD_CDC_EP0_RxReady  usbd_cdc.o
    0x080045f4   0x080045f4   0x0000000c   Code   RO         1258    .text.USBD_CDC_GetDeviceQualifierDescriptor  usbd_cdc.o
    0x08004600   0x08004600   0x00000050   Code   RO         1254    .text.USBD_CDC_GetFSCfgDesc  usbd_cdc.o
    0x08004650   0x08004650   0x00000050   Code   RO         1252    .text.USBD_CDC_GetHSCfgDesc  usbd_cdc.o
    0x080046a0   0x080046a0   0x00000054   Code   RO         1256    .text.USBD_CDC_GetOtherSpeedCfgDesc  usbd_cdc.o
    0x080046f4   0x080046f4   0x000000e8   Code   RO         1240    .text.USBD_CDC_Init  usbd_cdc.o
    0x080047dc   0x080047dc   0x00000024   Code   RO          198    .text.USBD_CDC_InterfaceStrDescriptor  usbd_desc.o
    0x08004800   0x08004800   0x0000000c   Code   RO          188    .text.USBD_CDC_LangIDStrDescriptor  usbd_desc.o
    0x0800480c   0x0800480c   0x0000002c   Code   RO          190    .text.USBD_CDC_ManufacturerStrDescriptor  usbd_desc.o
    0x08004838   0x08004838   0x00000030   Code   RO          192    .text.USBD_CDC_ProductStrDescriptor  usbd_desc.o
    0x08004868   0x08004868   0x00000036   Code   RO         1268    .text.USBD_CDC_ReceivePacket  usbd_cdc.o
    0x0800489e   0x0800489e   0x0000001c   Code   RO         1260    .text.USBD_CDC_RegisterInterface  usbd_cdc.o
    0x080048ba   0x080048ba   0x00000002   PAD
    0x080048bc   0x080048bc   0x00000110   Code   RO          194    .text.USBD_CDC_SerialStrDescriptor  usbd_desc.o
    0x080049cc   0x080049cc   0x00000022   Code   RO         1264    .text.USBD_CDC_SetRxBuffer  usbd_cdc.o
    0x080049ee   0x080049ee   0x00000026   Code   RO         1262    .text.USBD_CDC_SetTxBuffer  usbd_cdc.o
    0x08004a14   0x08004a14   0x000000fe   Code   RO         1244    .text.USBD_CDC_Setup  usbd_cdc.o
    0x08004b12   0x08004b12   0x0000003e   Code   RO         1266    .text.USBD_CDC_TransmitPacket  usbd_cdc.o
    0x08004b50   0x08004b50   0x00000014   Code   RO         1155    .text.USBD_ClrClassConfig  usbd_core.o
    0x08004b64   0x08004b64   0x00000004   Code   RO         1163    .text.USBD_CoreFindEP  usbd_core.o
    0x08004b68   0x08004b68   0x00000004   Code   RO         1161    .text.USBD_CoreFindIF  usbd_core.o
    0x08004b6c   0x08004b6c   0x00000012   Code   RO         1224    .text.USBD_CtlContinueRx  usbd_ioreq.o
    0x08004b7e   0x08004b7e   0x00000012   Code   RO         1220    .text.USBD_CtlContinueSendData  usbd_ioreq.o
    0x08004b90   0x08004b90   0x00000014   Code   RO         1199    .text.USBD_CtlError  usbd_ctlreq.o
    0x08004ba4   0x08004ba4   0x00000024   Code   RO         1222    .text.USBD_CtlPrepareRx  usbd_ioreq.o
    0x08004bc8   0x08004bc8   0x0000001a   Code   RO         1228    .text.USBD_CtlReceiveStatus  usbd_ioreq.o
    0x08004be2   0x08004be2   0x0000001e   Code   RO         1218    .text.USBD_CtlSendData  usbd_ioreq.o
    0x08004c00   0x08004c00   0x0000001a   Code   RO         1226    .text.USBD_CtlSendStatus  usbd_ioreq.o
    0x08004c1a   0x08004c1a   0x0000007a   Code   RO         1185    .text.USBD_GetEpDesc  usbd_core.o
    0x08004c94   0x08004c94   0x000000ae   Code   RO         1207    .text.USBD_GetString  usbd_ctlreq.o
    0x08004d42   0x08004d42   0x0000002a   Code   RO         1141    .text.USBD_Init     usbd_core.o
    0x08004d6c   0x08004d6c   0x00000020   Code   RO          147    .text.USBD_LL_ClearStallEP  usbd_conf.o
    0x08004d8c   0x08004d8c   0x00000020   Code   RO          141    .text.USBD_LL_CloseEP  usbd_conf.o
    0x08004dac   0x08004dac   0x000000b0   Code   RO         1165    .text.USBD_LL_DataInStage  usbd_core.o
    0x08004e5c   0x08004e5c   0x00000076   Code   RO         1159    .text.USBD_LL_DataOutStage  usbd_core.o
    0x08004ed2   0x08004ed2   0x0000000e   Code   RO          157    .text.USBD_LL_GetRxDataSize  usbd_conf.o
    0x08004ee0   0x08004ee0   0x0000008c   Code   RO          131    .text.USBD_LL_Init  usbd_conf.o
    0x08004f6c   0x08004f6c   0x00000026   Code   RO          149    .text.USBD_LL_IsStallEP  usbd_conf.o
    0x08004f92   0x08004f92   0x00000002   PAD
    0x08004f94   0x08004f94   0x00000028   Code   RO          139    .text.USBD_LL_OpenEP  usbd_conf.o
    0x08004fbc   0x08004fbc   0x00000020   Code   RO          155    .text.USBD_LL_PrepareReceive  usbd_conf.o
    0x08004fdc   0x08004fdc   0x00000070   Code   RO         1167    .text.USBD_LL_Reset  usbd_core.o
    0x0800504c   0x0800504c   0x00000014   Code   RO         1173    .text.USBD_LL_Resume  usbd_core.o
    0x08005060   0x08005060   0x00000020   Code   RO         1175    .text.USBD_LL_SOF   usbd_core.o
    0x08005080   0x08005080   0x00000006   Code   RO         1169    .text.USBD_LL_SetSpeed  usbd_core.o
    0x08005086   0x08005086   0x00000002   PAD
    0x08005088   0x08005088   0x00000020   Code   RO          151    .text.USBD_LL_SetUSBAddress  usbd_conf.o
    0x080050a8   0x080050a8   0x0000005c   Code   RO         1157    .text.USBD_LL_SetupStage  usbd_core.o
    0x08005104   0x08005104   0x00000020   Code   RO          145    .text.USBD_LL_StallEP  usbd_conf.o
    0x08005124   0x08005124   0x00000024   Code   RO          135    .text.USBD_LL_Start  usbd_conf.o
    0x08005148   0x08005148   0x00000012   Code   RO         1171    .text.USBD_LL_Suspend  usbd_core.o
    0x0800515a   0x0800515a   0x00000002   PAD
    0x0800515c   0x0800515c   0x00000024   Code   RO          153    .text.USBD_LL_Transmit  usbd_conf.o
    0x08005180   0x08005180   0x00000028   Code   RO         1205    .text.USBD_ParseSetupRequest  usbd_ctlreq.o
    0x080051a8   0x080051a8   0x0000003e   Code   RO         1145    .text.USBD_RegisterClass  usbd_core.o
    0x080051e6   0x080051e6   0x00000016   Code   RO         1153    .text.USBD_SetClassConfig  usbd_core.o
    0x080051fc   0x080051fc   0x00000008   Code   RO         1147    .text.USBD_Start    usbd_core.o
    0x08005204   0x08005204   0x00000328   Code   RO         1197    .text.USBD_StdDevReq  usbd_ctlreq.o
    0x0800552c   0x0800552c   0x00000172   Code   RO         1203    .text.USBD_StdEPReq  usbd_ctlreq.o
    0x0800569e   0x0800569e   0x00000082   Code   RO         1201    .text.USBD_StdItfReq  usbd_ctlreq.o
    0x08005720   0x08005720   0x00000002   Code   RO          163    .text.USBD_static_free  usbd_conf.o
    0x08005722   0x08005722   0x00000002   PAD
    0x08005724   0x08005724   0x00000008   Code   RO          161    .text.USBD_static_malloc  usbd_conf.o
    0x0800572c   0x0800572c   0x0000023c   Code   RO          348    .text.USB_ActivateEndpoint  stm32g0xx_ll_usb.o
    0x08005968   0x08005968   0x000000a4   Code   RO          350    .text.USB_DeactivateEndpoint  stm32g0xx_ll_usb.o
    0x08005a0c   0x08005a0c   0x0000000e   Code   RO          366    .text.USB_DevConnect  stm32g0xx_ll_usb.o
    0x08005a1a   0x08005a1a   0x0000001a   Code   RO          342    .text.USB_DevInit   stm32g0xx_ll_usb.o
    0x08005a34   0x08005a34   0x00000010   Code   RO          338    .text.USB_DisableGlobalInt  stm32g0xx_ll_usb.o
    0x08005a44   0x08005a44   0x00000068   Code   RO          358    .text.USB_EPClearStall  stm32g0xx_ll_usb.o
    0x08005aac   0x08005aac   0x0000003c   Code   RO          356    .text.USB_EPSetStall  stm32g0xx_ll_usb.o
    0x08005ae8   0x08005ae8   0x00000c4c   Code   RO          352    .text.USB_EPStartXfer  stm32g0xx_ll_usb.o
    0x08006734   0x08006734   0x00000010   Code   RO          336    .text.USB_EnableGlobalInt  stm32g0xx_ll_usb.o
    0x08006744   0x08006744   0x00000004   Code   RO          370    .text.USB_ReadInterrupts  stm32g0xx_ll_usb.o
    0x08006748   0x08006748   0x0000010c   Code   RO          376    .text.USB_ReadPMA   stm32g0xx_ll_usb.o
    0x08006854   0x08006854   0x00000010   Code   RO          364    .text.USB_SetDevAddress  stm32g0xx_ll_usb.o
    0x08006864   0x08006864   0x00000010   Code   RO           86    .text.USB_UCPD1_2_IRQHandler  stm32g0xx_it.o
    0x08006874   0x08006874   0x0000011c   Code   RO          354    .text.USB_WritePMA  stm32g0xx_ll_usb.o
    0x08006990   0x08006990   0x00000014   Code   RO         1283    .text.board_button_getstate  board.o
    0x080069a4   0x080069a4   0x00000034   Code   RO         1281    .text.board_button_init  board.o
    0x080069d8   0x080069d8   0x00000044   Code   RO         1285    .text.board_led_init  board.o
    0x08006a1c   0x08006a1c   0x00000014   Code   RO         1289    .text.board_led_set  board.o
    0x08006a30   0x08006a30   0x00000010   Code   RO         1287    .text.board_led_toggle  board.o
    0x08006a40   0x08006a40   0x000001b4   Code   RO           13    .text.main          main.o
    0x08006bf4   0x08006bf4   0x000001f6   Code   RO         1335    .text_divfast       c_p.l(aeabi_sdivfast.o)
    0x08006dea   0x08006dea   0x0000000e   Code   RO         1320    i._is_digit         c_p.l(__printf_wp.o)
    0x08006df8   0x08006df8   0x00000011   Data   RO         1323    .constdata          c_p.l(__printf_flags_wp.o)
    0x08006e09   0x08006e09   0x00000003   PAD
    0x08006e0c   0x08006e0c   0x00000040   Data   RO         1131    .rodata.AHBPrescTable  system_stm32g0xx.o
    0x08006e4c   0x08006e4c   0x00000020   Data   RO         1531    Region$$Table       anon$$obj.o


    Execution Region RW_IRAM1 (Exec base: 0x20000000, Load base: 0x08006e70, Size: 0x00002458, Max: 0x00024000, ABSOLUTE)

    Exec Addr    Load Addr    Size         Type   Attr      Idx    E Section Name        Object

    0x20000000   0x08006e70   0x00000008   Data   RW          844    .data..L_MergedGlobals  stm32g0xx_hal.o
    0x20000008   0x08006e78   0x00000020   Data   RW          200    .data.CDC_Desc      usbd_desc.o
    0x20000028   0x08006e98   0x00000004   Data   RW         1130    .data.SystemCoreClock  system_stm32g0xx.o
    0x2000002c   0x08006e9c   0x00000038   Data   RW         1270    .data.USBD_CDC      usbd_cdc.o
    0x20000064   0x08006ed4   0x00000043   Data   RW         1272    .data.USBD_CDC_CfgDesc  usbd_cdc.o
    0x200000a7   0x08006f17   0x00000001   PAD
    0x200000a8   0x08006f18   0x00000012   Data   RW          201    .data.USBD_CDC_DeviceDesc  usbd_desc.o
    0x200000ba   0x08006f2a   0x00000002   PAD
    0x200000bc   0x08006f2c   0x0000000a   Data   RW         1271    .data.USBD_CDC_DeviceQualifierDesc  usbd_cdc.o
    0x200000c6   0x08006f36   0x00000002   PAD
    0x200000c8   0x08006f38   0x00000014   Data   RW          225    .data.USBD_Interface_fops_FS  usbd_cdc_if.o
    0x200000dc   0x08006f4c   0x00000004   Data   RW          202    .data.USBD_LangIDDesc  usbd_desc.o
    0x200000e0   0x08006f50   0x0000001a   Data   RW          203    .data.USBD_StringSerial  usbd_desc.o
    0x200000fa   0x08006f6a   0x00000006   PAD
    0x20000100        -       0x00000060   Zero   RW         1395    .bss                c_p.l(libspace.o)
    0x20000160        -       0x00000004   Zero   RW           20    .bss..L_MergedGlobals  main.o
    0x20000164        -       0x00000001   Zero   RW         1209    .bss.USBD_SetConfig.cfgidx  usbd_ctlreq.o
    0x20000165   0x08006f6a   0x00000003   PAD
    0x20000168        -       0x00000200   Zero   RW          204    .bss.USBD_StrDesc   usbd_desc.o
    0x20000368        -       0x00000220   Zero   RW          168    .bss.USBD_static_malloc.mem  usbd_conf.o
    0x20000588        -       0x00000800   Zero   RW          226    .bss.UserRxBufferFS  usbd_cdc_if.o
    0x20000d88        -       0x00000800   Zero   RW          227    .bss.UserTxBufferFS  usbd_cdc_if.o
    0x20001588        -       0x000002dc   Zero   RW          179    .bss.hUsbDeviceFS   usb_device.o
    0x20001864        -       0x00000064   Zero   RW           43    .bss.hadc1          adc.o
    0x200018c8        -       0x00000060   Zero   RW           44    .bss.hdma_adc1      adc.o
    0x20001928        -       0x000002e0   Zero   RW          167    .bss.hpcd_USB_DRD_FS  usbd_conf.o
    0x20001c08        -       0x0000002c   Zero   RW           67    .bss.hrtc           rtc.o
    0x20001c34        -       0x0000001c   Zero   RW          507    .bss.pFlash         stm32g0xx_hal_flash.o
    0x20001c50        -       0x00000004   Zero   RW          843    .bss.uwTick         stm32g0xx_hal.o
    0x20001c54   0x08006f6a   0x00000004   PAD
    0x20001c58        -       0x00000400   Zero   RW            2    HEAP                startup_stm32g0b1xx.o
    0x20002058        -       0x00000400   Zero   RW            1    STACK               startup_stm32g0b1xx.o


==============================================================================

Image component sizes


      Code (inc. data)   RO Data    RW Data    ZI Data      Debug   Object Name

       256         24          0          0        196       5827   adc.o
       176          8          0          0          0       2896   board.o
        48          4          0          0          0       2063   dma.o
        60          4          0          0          0       1276   gpio.o
       580         60          0          0          4       6609   main.o
       216         20          0          0         44       4515   rtc.o
        56         26        188          0       2048        648   startup_stm32g0b1xx.o
       164         20          0          8          4       8069   stm32g0xx_hal.o
      1962         96          0          0          0      23200   stm32g0xx_hal_adc.o
      1168         20          0          0          0      10724   stm32g0xx_hal_adc_ex.o
       132         24          0          0          0       7031   stm32g0xx_hal_cortex.o
       722         40          0          0          0       9604   stm32g0xx_hal_dma.o
       536         60          0          0         28       9777   stm32g0xx_hal_flash.o
      1208         60          0          0          0      10852   stm32g0xx_hal_flash_ex.o
       442         12          0          0          0       4795   stm32g0xx_hal_gpio.o
        56          4          0          0          0       1289   stm32g0xx_hal_msp.o
      3892        100          0          0          0      18441   stm32g0xx_hal_pcd.o
        92          0          0          0          0       5581   stm32g0xx_hal_pcd_ex.o
        16          0          0          0          0       3857   stm32g0xx_hal_pwr.o
       164         16          0          0          0       8414   stm32g0xx_hal_pwr_ex.o
      1736         80          0          0          0       9812   stm32g0xx_hal_rcc.o
       676         20          0          0          0      10631   stm32g0xx_hal_rcc_ex.o
      1188         20          0          0          0      15877   stm32g0xx_hal_rtc.o
        48          8          0          0          0       1464   stm32g0xx_it.o
      4692        140          0          0          0      35108   stm32g0xx_ll_usb.o
         2          0         64          4          0       1961   system_stm32g0xx.o
        84         16          0          0        732       3154   usb_device.o
      1328         20          0        133          0      11673   usbd_cdc.o
       120         12          0         20       4096       2812   usbd_cdc_if.o
       880         40          0          0       1280      17282   usbd_conf.o
       858          4          0          0          0      11104   usbd_core.o
      1542         46          0          0          1       9963   usbd_ctlreq.o
       456         96          0         80        512       4216   usbd_desc.o
       154          0          0          0          0       4756   usbd_ioreq.o

    ----------------------------------------------------------------------
     25746       1100        284        252       8956     285281   Object Totals
         0          0         32          0          0          0   (incl. Generated)
        36          0          0          7         11          0   (incl. Padding)

    ----------------------------------------------------------------------

      Code (inc. data)   RO Data    RW Data    ZI Data      Debug   Library Member Name

        44          4          0          0          0         84   __2sprintf.o
         8          0          0          0          0         68   __main.o
       312          6         17          0          0         76   __printf_flags_wp.o
        14          0          0          0          0         60   __printf_wp.o
         0          0          0          0          0          0   __rtentry.o
        12          0          0          0          0          0   __rtentry2.o
         6          0          0          0          0          0   __rtentry4.o
        86         10          0          0          0          0   __scatter.o
        26          0          0          0          0          0   __scatter_copy.o
        28          0          0          0          0          0   __scatter_zi.o
        48          6          0          0          0         88   _printf_char_common.o
        10          0          0          0          0          0   _printf_d.o
       108         18          0          0          0         76   _printf_dec.o
       176          0          0          0          0         84   _printf_intcommon.o
        78          0          0          0          0        100   _printf_pad.o
         2          0          0          0          0          0   _printf_percent.o
         4          0          0          0          0          0   _printf_percent_end.o
        10          0          0          0          0         60   _sputc.o
      1006          4          0          0          0        184   aeabi_sdivfast.o
        16          0          0          0          0         68   exit.o
         6          0          0          0          0        136   heapauxi.o
         0          0          0          0          0          0   indicate_semi.o
         2          0          0          0          0          0   libinit.o
         2          0          0          0          0          0   libinit2.o
         2          0          0          0          0          0   libshutdown.o
         2          0          0          0          0          0   libshutdown2.o
         8          4          0          0         96         68   libspace.o
        64          0          0          0          0        108   rt_memclr.o
         2          0          0          0          0          0   rtexit.o
        10          0          0          0          0          0   rtexit2.o
        40          0          0          0          0         60   rtudiv10.o
        12          4          0          0          0         60   sys_exit.o
        62          0          0          0          0         80   sys_stackheap_outer.o
         2          0          0          0          0         68   use_no_semi.o

    ----------------------------------------------------------------------
      2218         56         20          0         96       1528   Library Totals
        10          0          3          0          0          0   (incl. Padding)

    ----------------------------------------------------------------------

      Code (inc. data)   RO Data    RW Data    ZI Data      Debug   Library Name

      2208         56         17          0         96       1528   c_p.l

    ----------------------------------------------------------------------
      2218         56         20          0         96       1528   Library Totals

    ----------------------------------------------------------------------

==============================================================================


      Code (inc. data)   RO Data    RW Data    ZI Data      Debug   

     27964       1156        304        252       9052     285601   Grand Totals
     27964       1156        304        252       9052     285601   ELF Image Totals
     27964       1156        304        252          0          0   ROM Totals

==============================================================================

    Total RO  Size (Code + RO Data)                28268 (  27.61kB)
    Total RW  Size (RW Data + ZI Data)              9304 (   9.09kB)
    Total ROM Size (Code + RO Data + RW Data)      28520 (  27.85kB)

==============================================================================

